0x1 (POWERON_RESET),boot:0x3 (DOWNLOAD_BOOT(UART0/UART1/SDIO_REI_REO_V2))
waitï¿½ets Jul 29 2019 12:21:46

rst:0x1 (POWERON_RESET),boot:0x3 (DOWNLOAD_BOOT(UART0/UART1/SDIO_REI_REO_V2))
waiting for download
ets Jul 29 2019 12:21:46

rst:0x1 (POWERON_RESET),boot:0x13 (SPI_FAST_FLASH_BOOT)
configsip: 0, SPIWP:0xee
clk_drv:0x00,q_drv:0x00,d_drv:0x00,cs0_drv:0x00,hd_drv:0x00,wp_drv:0x00
mode:DIO, clock div:2
load:0x3fff0030,len:7176
load:0x40078000,len:15564
ho 0 tail 12 room 4
load:0x40080400,len:4
load:0x40080404,len:3904
entry 0x40080640
[0;32mI (31) boot: ESP-IDF v5.3.2-dirty 2nd stage bootloader[0m
[0;32mI (31) boot: compile time Jan 26 2025 10:13:14[0m
[0;32mI (31) boot: Multicore bootloader[0m
[0;32mI (36) boot: chip revision: v3.1[0m
[0;32mI (40) boot.esp32: SPI Speed      : 40MHz[0m
[0;32mI (44) boot.esp32: SPI Mode       : DIO[0m
[0;32mI (49) boot.esp32: SPI Flash Size : 2MB[0m
[0;32mI (53) boot: Enabling RNG early entropy source...[0m
[0;32mI (59) boot: Partition Table:[0m
[0;32mI (62) boot: ## Label            Usage          Type ST Offset   Length[0m
[0;32mI (70) boot:  0 nvs              WiFi data        01 02 00009000 00006000[0m
[0;32mI (77) boot:  1 phy_init         RF data          01 01 0000f000 00001000[0m
[0;32mI (85) boot:  2 factory          factory app      00 00 00010000 00100000[0m
[0;32mI (92) boot: End of partition table[0m
[0;32mI (96) esp_image: segment 0: paddr=00010020 vaddr=3f400020 size=0c120h ( 49440) map[0m
[0;32mI (122) esp_image: segment 1: paddr=0001c148 vaddr=3ffb0000 size=023fch (  9212) load[0m
[0;32mI (125) esp_image: segment 2: paddr=0001e54c vaddr=40080000 size=01acch (  6860) load[0m
[0;32mI (130) esp_image: segment 3: paddr=00020020 vaddr=400d0020 size=19720h (104224) map[0m
[0;32mI (172) esp_image: segment 4: paddr=00039748 vaddr=40081acc size=0c838h ( 51256) load[0m
[0;32mI (199) boot: Loaded app from partition at offset 0x10000[0m
[0;32mI (199) boot: Disabling RNG early entropy source...[0m
[0;32mI (212) cpu_start: Multicore app[0m
[0;32mI (220) cpu_start: Pro cpu start user code[0m
[0;32mI (220) cpu_start: cpu freq: 160000000 Hz[0m
[0;32mI (220) app_init: Application information:[0m
[0;32mI (223) app_init: Project name:     ADAS_MASTER_ESP[0m
[0;32mI (228) app_init: App version:      1[0m
[0;32mI (233) app_init: Compile time:     Jan 26 2025 10:10:18[0m
[0;32mI (239) app_init: ELF file SHA256:  9b6bebe33...[0m
[0;32mI (244) app_init: ESP-IDF:          v5.3.2-dirty[0m
[0;32mI (249) efuse_init: Min chip rev:     v0.0[0m
[0;32mI (254) efuse_init: Max chip rev:     v3.99 [0m
[0;32mI (259) efuse_init: Chip rev:         v3.1[0m
[0;32mI (264) heap_init: Initializing. RAM available for dynamic allocation:[0m
[0;32mI (271) heap_init: At 3FFAE6E0 len 00001920 (6 KiB): DRAM[0m
[0;32mI (277) heap_init: At 3FFB2D90 len 0002D270 (180 KiB): DRAM[0m
[0;32mI (283) heap_init: At 3FFE0440 len 00003AE0 (14 KiB): D/IRAM[0m
[0;32mI (290) heap_init: At 3FFE4350 len 0001BCB0 (111 KiB): D/IRAM[0m
[0;32mI (296) heap_init: At 4008E304 len 00011CFC (71 KiB): IRAM[0m
[0;32mI (304) spi_flash: detected chip: generic[0m
[0;32mI (307) spi_flash: flash io: dio[0m
[0;33mW (311) spi_flash: Detected size(4096k) larger than the size in the binary image header(2048k). Using the size in the binary image header.[0m
[0;33mW (324) i2c: This driver is an old driver, please migrate your application code to adapt `driver/i2c_master.h`[0m
[0;33mW (335) ADC: legacy driver is deprecated, please migrate to `esp_adc/adc_oneshot.h`[0m
[0;32mI (344) main_task: Started on CPU0[0m
[0;32mI (354) main_task: Calling app_main()[0m
[0;32mI (354) MPU6050: MPU6050 initialized successfully[0m
[0;32mI (354) LEDC: LEDC initialized successfully[0m
[0;33mW (354) DIRECTION: MISMATCH: POT=RIGHT (95), MPU=STRAIGHT (0)[0m
[0;31mE (364) ledc: requested frequency 90 and duty resolution 0 can not be achieved, try reducing freq_hz or duty_resolution. div_param=0[0m
[0;33mW (474) DIRECTION: MISMATCH: POT=RIGHT (94), MPU=STRAIGHT (0)[0m
[0;31mE (474) ledc: requested frequency 90 and duty resolution 0 can not be achieved, try reducing freq_hz or duty_resolution. div_param=0[0m
[0;33mW (574) DIRECTION: MISMATCH: POT=RIGHT (94), MPU=STRAIGHT (0)[0m
[0;31mE (574) ledc: requested frequency 90 and duty resolution 0 can not be achieved, try reducing freq_hz or duty_resolution. div_param=0[0m
[0;33mW (674) DIRECTION: MISMATCH: POT=RIGHT (95), MPU=STRAIGHT (0)[0m
Guru Meditation Error: Core  0 panic'ed (IntegerDivideByZero). Exception was unhandled.

Core  0 register dump:
PC      : 0x4000d099  PS      : 0x00060a30  A0      : 0x800d9f40  A1      : 0x3ffb3f30  
A2      : 0x0f424000  A3      : 0x00000000  A4      : 0x00000000  A5      : 0x00000000  
A6      : 0x00000054  A7      : 0x00000000  A8      : 0x00000001  A9      : 0x00000000  
A10     : 0x00000000  A11     : 0x0f424000  A12     : 0x3ffb3e14  A13     : 0x00000000  
A14     : 0x3ffb3df0  A15     : 0xff000000  SAR     : 0x00000020  EXCCAUSE: 0x00000006  
EXCVADDR: 0x00000000  LBEG    : 0x400014fd  LEND    : 0x4000150d  LCOUNT  : 0xfffffffe  


Backtrace: 0x4000d096:0x3ffb3f30 0x400d9f3d:0x3ffb3f50 0x400da639:0x3ffb3f90 0x400d6b04:0x3ffb3fd0 0x400d6c5e:0x3ffb3ff0 0x400d6f16:0x3ffb4010 0x400d65fc:0x3ffb4060 0x400e8e50:0x3ffb4080 0x40087361:0x3ffb40b0




ELF file SHA256: 9b6bebe33

Rebooting...
ets Jul 29 2019 12:21:46

rst:0xc (SW_CPU_RESET),boot:0x13 (SPI_FAST_FLASH_BOOT)
configsip: 0, SPIWP:0xee
clk_drv:0x00,q_drv:0x00,d_drv:0x00,cs0_drv:0x00,hd_drv:0x00,wp_drv:0x00
mode:DIO, clock div:2
load:0x3fff0030,len:7176
load:0x40078000,len:15564
ho 0 tail 12 room 4
load:0x40080400,len:4
load:0x40080404,len:3904
entry 0x40080640
[0;32mI (31) boot: ESP-IDF v5.3.2-dirty 2nd stage bootloader[0m
[0;32mI (31) boot: compile time Jan 26 2025 10:13:14[0m
[0;32mI (31) boot: Multicore bootloader[0m
[0;32mI (36) boot: chip revision: v3.1[0m
[0;32mI (40) boot.esp32: SPI Speed      : 40MHz[0m
[0;32mI (44) boot.esp32: SPI Mode       : DIO[0m
[0;32mI (49) boot.esp32: SPI Flash Size : 2MB[0m
[0;32mI (53) boot: Enabling RNG early entropy source...[0m
[0;32mI (59) boot: Partition Table:[0m
[0;32mI (62) boot: ## Label            Usage          Type ST Offset   Length[0m
[0;32mI (70) boot:  0 nvs              WiFi data        01 02 00009000 00006000[0m
[0;32mI (77) boot:  1 phy_init         RF data          01 01 0000f000 00001000[0m
[0;32mI (85) boot:  2 factory          factory app      00 00 00010000 00100000[0m
[0;32mI (92) boot: End of partition table[0m
[0;32mI (96) esp_image: segment 0: paddr=00010020 vaddr=3f400020 size=0c120h ( 49440) map[0m
[0;32mI (122) esp_image: segment 1: paddr=0001c148 vaddr=3ffb0000 size=023fch (  9212) load[0m
[0;32mI (125) esp_image: segment 2: paddr=0001e54c vaddr=40080000 size=01acch (  6860) load[0m
[0;32mI (130) esp_image: segment 3: paddr=00020020 vaddr=400d0020 size=19720h (104224) map[0m
[0;32mI (172) esp_image: segment 4: paddr=00039748 vaddr=40081acc size=0c838h ( 51256) load[0m
[0;32mI (199) boot: Loaded app from partition at offset 0x10000[0m
[0;32mI (199) boot: Disabling RNG early entropy source...[0m
[0;32mI (212) cpu_start: Multicore app[0m
[0;32mI (220) cpu_start: Pro cpu start user code[0m
[0;32mI (220) cpu_start: cpu freq: 160000000 Hz[0m
[0;32mI (220) app_init: Application information:[0m
[0;32mI (223) app_init: Project name:     ADAS_MASTER_ESP[0m
[0;32mI (228) app_init: App version:      1[0m
[0;32mI (233) app_init: Compile time:     Jan 26 2025 10:10:18[0m
[0;32mI (239) app_init: ELF file SHA256:  9b6bebe33...[0m
[0;32mI (244) app_init: ESP-IDF:          v5.3.2-dirty[0m
[0;32mI (249) efuse_init: Min chip rev:     v0.0[0m
[0;32mI (254) efuse_init: Max chip rev:     v3.99 [0m
[0;32mI (259) efuse_init: Chip rev:         v3.1[0m
[0;32mI (264) heap_init: Initializing. RAM available for dynamic allocation:[0m
[0;32mI (271) heap_init: At 3FFAE6E0 len 00001920 (6 KiB): DRAM[0m
[0;32mI (277) heap_init: At 3FFB2D90 len 0002D270 (180 KiB): DRAM[0m
[0;32mI (283) heap_init: At 3FFE0440 len 00003AE0 (14 KiB): D/IRAM[0m
[0;32mI (290) heap_init: At 3FFE4350 len 0001BCB0 (111 KiB): D/IRAM[0m
[0;32mI (296) heap_init: At 4008E304 len 00011CFC (71 KiB): IRAM[0m
[0;32mI (304) spi_flash: detected chip: generic[0m
[0;32mI (307) spi_flash: flash io: dio[0m
[0;33mW (311) spi_flash: Detected size(4096k) larger than the size in the binary image header(2048k). Using the size in the binary image header.[0m
[0;33mW (324) i2c: This driver is an old driver, please migrate your application code to adapt `driver/i2c_master.h`[0m
[0;33mW (335) ADC: legacy driver is deprecated, please migrate to `esp_adc/adc_oneshot.h`[0m
[0;32mI (344) main_task: Started on CPU0[0m
[0;32mI (354) main_task: Calling app_main()[0m
[0;32mI (354) MPU6050: MPU6050 initialized successfully[0m
[0;32mI (354) LEDC: LEDC initialized successfully[0m
[0;33mW (354) DIRECTION: MISMATCH: POT=RIGHT (95), MPU=STRAIGHT (0)[0m
[0;31mE (364) ledc: requested frequency 90 and duty resolution 0 can not be achieved, try reducing freq_hz or duty_resolution. div_param=0[0m
[0;33mW (474) DIRECTION: MISMATCH: POT=RIGHT (95), MPU=STRAIGHT (0)[0m
[0;31mE (474) ledc: requested frequency 90 and duty resolution 0 can not be achieved, try reducing freq_hz or duty_resolution. div_param=0[0m
[0;33mW (574) DIRECTION: MISMATCH: POT=RIGHT (95), MPU=STRAIGHT (0)[0m
[0;31mE (574) ledc: requested frequency 90 and duty resolution 0 can not be achieved, try reducing freq_hz or duty_resolution. div_param=0[0m
[0;33mW (674) DIRECTION: MISMATCH: POT=RIGHT (94), MPU=STRAIGHT (0)[0m
Guru Meditation Error: Core  0 panic'ed (IntegerDivideByZero). Exception was unhandled.

Core  0 register dump:
PC      : 0x4000d099  PS      : 0x00060a30  A0      : 0x800d9f40  A1      : 0x3ffb3f30  
A2      : 0x0f424000  A3      : 0x00000000  A4      : 0x00000000  A5      : 0x00000000  
A6      : 0x00000054  A7      : 0x00000000  A8      : 0x00000001  A9      : 0x00000000  
A10     : 0x00000000  A11     : 0x0f424000  A12     : 0x3ffb3e14  A13     : 0x00000000  
A14     : 0x3ffb3df0  A15     : 0xff000000  SAR     : 0x00000020  EXCCAUSE: 0x00000006  
EXCVADDR: 0x00000000  LBEG    : 0x400014fd  LEND    : 0x4000150d  LCOUNT  : 0xfffffffe  


Backtrace: 0x4000d096:0x3ffb3f30 0x400d9f3d:0x3ffb3f50 0x400da639:0x3ffb3f90 0x400d6b04:0x3ffb3fd0 0x400d6c5e:0x3ffb3ff0 0x400d6f16:0x3ffb4010 0x400d65fc:0x3ffb4060 0x400e8e50:0x3ffb4080 0x40087361:0x3ffb40b0




ELF file SHA256: 9b6bebe33

Rebooting...
ets Jul 29 2019 12:21:46

rst:0xc (SW_CPU_RESET),boot:0x13 (SPI_FAST_FLASH_BOOT)
configsip: 0, SPIWP:0xee
clk_drv:0x00,q_drv:0x00,d_drv:0x00,cs0_drv:0x00,hd_drv:0x00,wp_drv:0x00
mode:DIO, clock div:2
load:0x3fff0030,len:7176
load:0x40078000,len:15564
ho 0 tail 12 room 4
load:0x40080400,len:4
load:0x40080404,len:3904
entry 0x40080640
[0;32mI (31) boot: ESP-IDF v5.3.2-dirty 2nd stage bootloader[0m
[0;32mI (31) boot: compile time Jan 26 2025 10:13:14[0m
[0;32mI (31) boot: Multicore bootloader[0m
[0;32mI (36) boot: chip revision: v3.1[0m
[0;32mI (40) boot.esp32: SPI Speed      : 40MHz[0m
[0;32mI (44) boot.esp32: SPI Mode       : DIO[0m
[0;32mI (49) boot.esp32: SPI Flash Size : 2MB[0m
[0;32mI (53) boot: Enabling RNG early entropy source...[0m
[0;32mI (59) boot: Partition Table:[0m
[0;32mI (62) boot: ## Label            Usage          Type ST Offset   Length[0m
[0;32mI (70) boot:  0 nvs              WiFi data        01 02 00009000 00006000[0m
[0;32mI (77) boot:  1 phy_init         RF data          01 01 0000f000 00001000[0m
[0;32mI (85) boot:  2 factory          factory app      00 00 00010000 00100000[0m
[0;32mI (92) boot: End of partition table[0m
[0;32mI (96) esp_image: segment 0: paddr=00010020 vaddr=3f400020 size=0c120h ( 49440) map[0m
[0;32mI (122) esp_image: segment 1: paddr=0001c148 vaddr=3ffb0000 size=023fch (  9212) load[0m
[0;32mI (125) esp_image: segment 2: paddr=0001e54c vaddr=40080000 size=01acch (  6860) load[0m
[0;32mI (130) esp_image: segment 3: paddr=00020020 vaddr=400d0020 size=19720h (104224) map[0m
[0;32mI (172) esp_image: segment 4: paddr=00039748 vaddr=40081acc size=0c838h ( 51256) load[0m
[0;32mI (199) boot: Loaded app from partition at offset 0x10000[0m
[0;32mI (199) boot: Disabling RNG early entropy source...[0m
[0;32mI (212) cpu_start: Multicore app[0m
[0;32mI (220) cpu_start: Pro cpu start user code[0m
[0;32mI (220) cpu_start: cpu freq: 160000000 Hz[0m
[0;32mI (220) app_init: Application information:[0m
[0;32mI (223) app_init: Project name:     ADAS_MASTER_ESP[0m
[0;32mI (228) app_init: App version:      1[0m
[0;32mI (233) app_init: Compile time:     Jan 26 2025 10:10:18[0m
[0;32mI (239) app_init: ELF file SHA256:  9b6bebe33...[0m
[0;32mI (244) app_init: ESP-IDF:          v5.3.2-dirty[0m
[0;32mI (249) efuse_init: Min chip rev:     v0.0[0m
[0;32mI (254) efuse_init: Max chip rev:     v3.99 [0m
[0;32mI (259) efuse_init: Chip rev:         v3.1[0m
[0;32mI (264) heap_init: Initializing. RAM available for dynamic allocation:[0m
[0;32mI (271) heap_init: At 3FFAE6E0 len 00001920 (6 KiB): DRAM[0m
[0;32mI (277) heap_init: At 3FFB2D90 len 0002D270 (180 KiB): DRAM[0m
[0;32mI (283) heap_init: At 3FFE0440 len 00003AE0 (14 KiB): D/IRAM[0m
[0;32mI (290) heap_init: At 3FFE4350 len 0001BCB0 (111 KiB): D/IRAM[0m
[0;32mI (296) heap_init: At 4008E304 len 00011CFC (71 KiB): IRAM[0m
[0;32mI (304) spi_flash: detected chip: generic[0m
[0;32mI (307) spi_flash: flash io: dio[0m
[0;33mW (311) spi_flash: Detected size(4096k) larger than the size in the binary image header(2048k). Using the size in the binary image header.[0m
[0;33mW (324) i2c: This driver is an old driver, please migrate your application code to adapt `driver/i2c_master.h`[0m
[0;33mW (335) ADC: legacy driver is deprecated, please migrate to `esp_adc/adc_oneshot.h`[0m
[0;32mI (344) main_task: Started on CPU0[0m
[0;32mI (354) main_task: Calling app_main()[0m
[0;32mI (354) MPU6050: MPU6050 initialized successfully[0m
[0;32mI (354) LEDC: LEDC initialized successfully[0m
[0;33mW (354) DIRECTION: MISMATCH: POT=RIGHT (94), MPU=STRAIGHT (0)[0m
[0;31mE (364) ledc: requested frequency 90 and duty resolution 0 can not be achieved, try reducing freq_hz or duty_resolution. div_param=0[0m
[0;33mW (474) DIRECTION: MISMATCH: POT=RIGHT (94), MPU=STRAIGHT (0)[0m
[0;31mE (474) ledc: requested frequency 90 and duty resolution 0 can not be achieved, try reducing freq_hz or duty_resolution. div_param=0[0m
[0;33mW (574) DIRECTION: MISMATCH: POT=RIGHT (94), MPU=STRAIGHT (0)[0m
[0;31mE (574) ledc: requested frequency 90 and duty resolution 0 can not be achieved, try reducing freq_hz or duty_resolution. div_param=0[0m
[0;33mW (674) DIRECTION: MISMATCH: POT=RIGHT (95), MPU=STRAIGHT (0)[0m
Guru Meditation Error: Core  0 panic'ed (IntegerDivideByZero). Exception was unhandled.

Core  0 register dump:
PC      : 0x4000d099  PS      : 0x00060a30  A0      : 0x800d9f40  A1      : 0x3ffb3f30  
A2      : 0x0f424000  A3      : 0x00000000  A4      : 0x00000000  A5      : 0x00000000  
A6      : 0x00000054  A7      : 0x00000000  A8      : 0x00000001  A9      : 0x00000000  
A10     : 0x00000000  A11     : 0x0f424000  A12     : 0x3ffb3e14  A13     : 0x00000000  
A14     : 0x3ffb3df0  A15     : 0xff000000  SAR     : 0x00000020  EXCCAUSE: 0x00000006  
EXCVADDR: 0x00000000  LBEG    : 0x400014fd  LEND    : 0x4000150d  LCOUNT  : 0xfffffffe  


Backtrace: 0x4000d096:0x3ffb3f30 0x400d9f3d:0x3ffb3f50 0x400da639:0x3ffb3f90 0x400d6b04:0x3ffb3fd0 0x400d6c5e:0x3ffb3ff0 0x400d6f16:0x3ffb4010 0x400d65fc:0x3ffb4060 0x400e8e50:0x3ffb4080 0x40087361:0x3ffb40b0




ELF file SHA256: 9b6bebe33

Rebooting...
ets Jul 29 2019 12:21:46

rst:0xc (SW_CPU_RESET),boot:0x13 (SPI_FAST_FLASH_BOOT)
configsip: 0, SPIWP:0xee
clk_drv:0x00,q_drv:0x00,d_drv:0x00,cs0_drv:0x00,hd_drv:0x00,wp_drv:0x00
mode:DIO, clock div:2
load:0x3fff0030,len:7176
load:0x40078000,len:15564
ho 0 tail 12 room 4
load:0x40080400,len:4
load:0x40080404,len:3904
entry 0x40080640
[0;32mI (31) boot: ESP-IDF v5.3.2-dirty 2nd stage bootloader[0m
[0;32mI (31) boot: compile time Jan 26 2025 10:13:14[0m
[0;32mI (31) boot: Multicore bootloader[0m
[0;32mI (36) boot: chip revision: v3.1[0m
[0;32mI (40) boot.esp32: SPI Speed      : 40MHz[0m
[0;32mI (44) boot.esp32: SPI Mode       : DIO[0m
[0;32mI (49) boot.esp32: SPI Flash Size : 2MB[0m
[0;32mI (53) boot: Enabling RNG early entropy source...[0m
[0;32mI (59) boot: Partition Table:[0m
[0;32mI (62) boot: ## Label            Usage          Type ST Offset   Length[0m
[0;32mI (70) boot:  0 nvs              WiFi data        01 02 00009000 00006000[0m
[0;32mI (77) boot:  1 phy_init         RF data          01 01 0000f000 00001000[0m
[0;32mI (85) boot:  2 factory          factory app      00 00 00010000 00100000[0m
[0;32mI (92) boot: End of partition table[0m
[0;32mI (96) esp_image: segment 0: paddr=00010020 vaddr=3f400020 size=0c120h ( 49440) map[0m
[0;32mI (122) esp_image: segment 1: paddr=0001c148 vaddr=3ffb0000 size=023fch (  9212) load[0m
[0;32mI (125) esp_image: segment 2: paddr=0001e54c vaddr=40080000 size=01acch (  6860) load[0m
[0;32mI (130) esp_image: segment 3: paddr=00020020 vaddr=400d0020 size=19720h (104224) map[0m
[0;32mI (172) esp_image: segment 4: paddr=00039748 vaddr=40081acc size=0c838h ( 51256) load[0m
[0;32mI (199) boot: Loaded app from partition at offset 0x10000[0m
[0;32mI (199) boot: Disabling RNG early entropy source...[0m
[0;32mI (212) cpu_start: Multicore app[0m
[0;32mI (220) cpu_start: Pro cpu start user code[0m
[0;32mI (220) cpu_start: cpu freq: 160000000 Hz[0m
[0;32mI (220) app_init: Application information:[0m
[0;32mI (223) app_init: Project name:     ADAS_MASTER_ESP[0m
[0;32mI (228) app_init: App version:      1[0m
[0;32mI (233) app_init: Compile time:     Jan 26 2025 10:10:18[0m
[0;32mI (239) app_init: ELF file SHA256:  9b6bebe33...[0m
[0;32mI (244) app_init: ESP-IDF:          v5.3.2-dirty[0m
[0;32mI (249) efuse_init: Min chip rev:     v0.0[0m
[0;32mI (254) efuse_init: Max chip rev:     v3.99 [0m
[0;32mI (259) efuse_init: Chip rev:         v3.1[0m
[0;32mI (264) heap_init: Initializing. RAM available for dynamic allocation:[0m
[0;32mI (271) heap_init: At 3FFAE6E0 len 00001920 (6 KiB): DRAM[0m
[0;32mI (277) heap_init: At 3FFB2D90 len 0002D270 (180 KiB): DRAM[0m
[0;32mI (283) heap_init: At 3FFE0440 len 00003AE0 (14 KiB): D/IRAM[0m
[0;32mI (290) heap_init: At 3FFE4350 len 0001BCB0 (111 KiB): D/IRAM[0m
[0;32mI (296) heap_init: At 4008E304 len 00011CFC (71 KiB): IRAM[0m
[0;32mI (304) spi_flash: detected chip: generic[0m
[0;32mI (307) spi_flash: flash io: dio[0m
[0;33mW (311) spi_flash: Detected size(4096k) larger than the size in the binary image header(2048k). Using the size in the binary image header.[0m
[0;33mW (324) i2c: This driver is an old driver, please migrate your application code to adapt `driver/i2c_master.h`[0m
[0;33mW (335) ADC: legacy driver is deprecated, please migrate to `esp_adc/adc_oneshot.h`[0m
[0;32mI (344) main_task: Started on CPU0[0m
[0;32mI (354) main_task: Calling app_main()[0m
[0;32mI (354) MPU6050: MPU6050 initialized successfully[0m
[0;32mI (354) LEDC: LEDC initialized successfully[0m
[0;33mW (354) DIRECTION: MISMATCH: POT=RIGHT (94), MPU=STRAIGHT (0)[0m
[0;31mE (364) ledc: requested frequency 90 and duty resolution 0 can not be achieved, try reducing freq_hz or duty_resolution. div_param=0[0m
[0;33mW (474) DIRECTION: MISMATCH: POT=RIGHT (95), MPU=STRAIGHT (0)[0m
[0;31mE (474) ledc: requested frequency 90 and duty resolution 0 can not be achieved, try reducing freq_hz or duty_resolution. div_param=0[0m
[0;33mW (574) DIRECTION: MISMATCH: POT=RIGHT (94), MPU=STRAIGHT (0)[0m
[0;31mE (574) ledc: requested frequency 90 and duty resolution 0 can not be achieved, try reducing freq_hz or duty_resolution. div_param=0[0m
[0;33mW (674) DIRECTION: MISMATCH: POT=RIGHT (95), MPU=STRAIGHT (0)[0m
Guru Meditation Error: Core  0 panic'ed (IntegerDivideByZero). Exception was unhandled.

Core  0 register dump:
PC      : 0x4000d099  PS      : 0x00060a30  A0      : 0x800d9f40  A1      : 0x3ffb3f30  
A2      : 0x0f424000  A3      : 0x00000000  A4      : 0x00000000  A5      : 0x00000000  
A6      : 0x00000054  A7      : 0x00000000  A8      : 0x00000001  A9      : 0x00000000  
A10     : 0x00000000  A11     : 0x0f424000  A12     : 0x3ffb3e14  A13     : 0x00000000  
A14     : 0x3ffb3df0  A15     : 0xff000000  SAR     : 0x00000020  EXCCAUSE: 0x00000006  
EXCVADDR: 0x00000000  LBEG    : 0x400014fd  LEND    : 0x4000150d  LCOUNT  : 0xfffffffe  


Backtrace: 0x4000d096:0x3ffb3f30 0x400d9f3d:0x3ffb3f50 0x400da639:0x3ffb3f90 0x400d6b04:0x3ffb3fd0 0x400d6c5e:0x3ffb3ff0 0x400d6f16:0x3ffb4010 0x400d65fc:0x3ffb4060 0x400e8e50:0x3ffb4080 0x40087361:0x3ffb40b0




ELF file SHA256: 9b6bebe33

Rebooting...
ets Jul 29 2019 12:21:46

rst:0xc (SW_CPU_RESET),boot:0x13 (SPI_FAST_FLASH_BOOT)
configsip: 0, SPIWP:0xee
clk_drv:0x00,q_drv:0x00,d_drv:0x00,cs0_drv:0x00,hd_drv:0x00,wp_drv:0x00
mode:DIO, clock div:2
load:0x3fff0030,len:7176
load:0x40078000,len:15564
ho 0 tail 12 room 4
load:0x40080400,len:4
load:0x40080404,len:3904
entry 0x40080640
[0;32mI (31) boot: ESP-IDF v5.3.2-dirty 2nd stage bootloader[0m
[0;32mI (31) boot: compile time Jan 26 2025 10:13:14[0m
[0;32mI (31) boot: Multicore bootloader[0m
[0;32mI (36) boot: chip revision: v3.1[0m
[0;32mI (40) boot.esp32: SPI Speed      : 40MHz[0m
[0;32mI (44) boot.esp32: SPI Mode       : DIO[0m
[0;32mI (49) boot.esp32: SPI Flash Size : 2MB[0m
[0;32mI (53) boot: Enabling RNG early entropy source...[0m
[0;32mI (59) boot: Partition Table:[0m
[0;32mI (62) boot: ## Label            Usage          Type ST Offset   Length[0m
[0;32mI (70) boot:  0 nvs              WiFi data        01 02 00009000 00006000[0m
[0;32mI (77) boot:  1 phy_init         RF data          01 01 0000f000 00001000[0m
[0;32mI (85) boot:  2 factory          factory app      00 00 00010000 00100000[0m
[0;32mI (92) boot: End of partition table[0m
[0;32mI (96) esp_image: segment 0: paddr=00010020 vaddr=3f400020 size=0c120h ( 49440) map[0m
[0;32mI (122) esp_image: segment 1: paddr=0001c148 vaddr=3ffb0000 size=023fch (  9212) load[0m
[0;32mI (125) esp_image: segment 2: paddr=0001e54c vaddr=40080000 size=01acch (  6860) load[0m
[0;32mI (130) esp_image: segment 3: paddr=00020020 vaddr=400d0020 size=19720h (104224) map[0m
[0;32mI (172) esp_image: segment 4: paddr=00039748 vaddr=40081acc size=0c838h ( 51256) load[0m
[0;32mI (199) boot: Loaded app from partition at offset 0x10000[0m
[0;32mI (199) boot: Disabling RNG early entropy source...[0m
[0;32mI (212) cpu_start: Multicore app[0m
[0;32mI (220) cpu_start: Pro cpu start user code[0m
[0;32mI (220) cpu_start: cpu freq: 160000000 Hz[0m
[0;32mI (220) app_init: Application information:[0m
[0;32mI (223) app_init: Project name:     ADAS_MASTER_ESP[0m
[0;32mI (228) app_init: App version:      1[0m
[0;32mI (233) app_init: Compile time:     Jan 26 2025 10:10:18[0m
[0;32mI (239) app_init: ELF file SHA256:  9b6bebe33...[0m
[0;32mI (244) app_init: ESP-IDF:          v5.3.2-dirty[0m
[0;32mI (249) efuse_init: Min chip rev:     v0.0[0m
[0;32mI (254) efuse_init: Max chip rev:     v3.99 [0m
[0;32mI (259) efuse_init: Chip rev:         v3.1[0m
[0;32mI (264) heap_init: Initializing. RAM available for dynamic allocation:[0m
[0;32mI (271) heap_init: At 3FFAE6E0 len 00001920 (6 KiB): DRAM[0m
[0;32mI (277) heap_init: At 3FFB2D90 len 0002D270 (180 KiB): DRAM[0m
[0;32mI (283) heap_init: At 3FFE0440 len 00003AE0 (14 KiB): D/IRAM[0m
[0;32mI (290) heap_init: At 3FFE4350 len 0001BCB0 (111 KiB): D/IRAM[0m
[0;32mI (296) heap_init: At 4008E304 len 00011CFC (71 KiB): IRAM[0m
[0;32mI (304) spi_flash: detected chip: generic[0m
[0;32mI (307) spi_flash: flash io: dio[0m
[0;33mW (311) spi_flash: Detected size(4096k) larger than the size in the binary image header(2048k). Using the size in the binary image header.[0m
[0;33mW (324) i2c: This driver is an old driver, please migrate your application code to adapt `driver/i2c_master.h`[0m
[0;33mW (335) ADC: legacy driver is deprecated, please migrate to `esp_adc/adc_oneshot.h`[0m
[0;32mI (344) main_task: Started on CPU0[0m
[0;32mI (354) main_task: Calling app_main()[0m
[0;32mI (354) MPU6050: MPU6050 initialized successfully[0m
[0;32mI (354) LEDC: LEDC initialized successfully[0m
[0;33mW (354) DIRECTION: MISMATCH: POT=RIGHT (94), MPU=STRAIGHT (0)[0m
[0;31mE (364) ledc: requested frequency 90 and duty resolution 0 can not be achieved, try reducing freq_hz or duty_resolution. div_param=0[0m
[0;33mW (474) DIRECTION: MISMATCH: POT=RIGHT (94), MPU=STRAIGHT (0)[0m
[0;31mE (474) ledc: requested frequency 90 and duty resolution 0 can not be achieved, try reducing freq_hz or duty_resolution. div_param=0[0m
[0;33mW (574) DIRECTION: MISMATCH: POT=RIGHT (95), MPU=STRAIGHT (0)[0m
[0;31mE (574) ledc: requested frequency 90 and duty resolution 0 can not be achieved, try reducing freq_hz or duty_resolution. div_param=0[0m
[0;33mW (674) DIRECTION: MISMATCH: POT=RIGHT (95), MPU=STRAIGHT (0)[0m
Guru Meditation Error: Core  0 panic'ed (IntegerDivideByZero). Exception was unhandled.

Core  0 register dump:
PC      : 0x4000d099  PS      : 0x00060a30  A0      : 0x800d9f40  A1      : 0x3ffb3f30  
A2      : 0x0f424000  A3      : 0x00000000  A4      : 0x00000000  A5      : 0x00000000  
A6      : 0x00000054  A7      : 0x00000000  A8      : 0x00000001  A9      : 0x00000000  
A10     : 0x00000000  A11     : 0x0f424000  A12     : 0x3ffb3e14  A13     : 0x00000000  
A14     : 0x3ffb3df0  A15     : 0xff000000  SAR     : 0x00000020  EXCCAUSE: 0x00000006  
EXCVADDR: 0x00000000  LBEG    : 0x400014fd  LEND    : 0x4000150d  LCOUNT  : 0xfffffffe  


Backtrace: 0x4000d096:0x3ffb3f30 0x400d9f3d:0x3ffb3f50 0x400da639:0x3ffb3f90 0x400d6b04:0x3ffb3fd0 0x400d6c5e:0x3ffb3ff0 0x400d6f16:0x3ffb4010 0x400d65fc:0x3ffb4060 0x400e8e50:0x3ffb4080 0x40087361:0x3ffb40b0




ELF file SHA256: 9b6bebe33

Rebooting...
ets Jul 29 2019 12:21:46

rst:0xc (SW_CPU_RESET),boot:0x13 (SPI_FAST_FLASH_BOOT)
configsip: 0, SPIWP:0xee
clk_drv:0x00,q_drv:0x00,d_drv:0x00,cs0_drv:0x00,hd_drv:0x00,wp_drv:0x00
mode:DIO, clock div:2
load:0x3fff0030,len:7176
load:0x40078000,len:15564
ho 0 tail 12 room 4
load:0x40080400,len:4
load:0x40080404,len:3904
entry 0x40080640
[0;32mI (31) boot: ESP-IDF v5.3.2-dirty 2nd stage bootloader[0m
[0;32mI (31) boot: compile time Jan 26 2025 10:13:14[0m
[0;32mI (31) boot: Multicore bootloader[0m
[0;32mI (36) boot: chip revision: v3.1[0m
[0;32mI (40) boot.esp32: SPI Speed      : 40MHz[0m
[0;32mI (44) boot.esp32: SPI Mode       : DIO[0m
[0;32mI (49) boot.esp32: SPI Flash Size : 2MB[0m
[0;32mI (53) boot: Enabling RNG early entropy source...[0m
[0;32mI (59) boot: Partition Table:[0m
[0;32mI (62) boot: ## Label            Usage          Type ST Offset   Length[0m
[0;32mI (70) boot:  0 nvs              WiFi data        01 02 00009000 00006000[0m
[0;32mI (77) boot:  1 phy_init         RF data          01 01 0000f000 00001000[0m
[0;32mI (85) boot:  2 factory          factory app      00 00 00010000 00100000[0m
[0;32mI (92) boot: End of partition table[0m
[0;32mI (96) esp_image: segment 0: paddr=00010020 vaddr=3f400020 size=0c120h ( 49440) map[0m
[0;32mI (122) esp_image: segment 1: paddr=0001c148 vaddr=3ffb0000 size=023fch (  9212) load[0m
[0;32mI (125) esp_image: segment 2: paddr=0001e54c vaddr=40080000 size=01acch (  6860) load[0m
[0;32mI (130) esp_image: segment 3: paddr=00020020 vaddr=400d0020 size=19720h (104224) map[0m
[0;32mI (172) esp_image: segment 4: paddr=00039748 vaddr=40081acc size=0c838h ( 51256) load[0m
[0;32mI (199) boot: Loaded app from partition at offset 0x10000[0m
[0;32mI (199) boot: Disabling RNG early entropy source...[0m
[0;32mI (212) cpu_start: Multicore app[0m
[0;32mI (220) cpu_start: Pro cpu start user code[0m
[0;32mI (220) cpu_start: cpu freq: 160000000 Hz[0m
[0;32mI (220) app_init: Application information:[0m
[0;32mI (223) app_init: Project name:     ADAS_MASTER_ESP[0m
[0;32mI (228) app_init: App version:      1[0m
[0;32mI (233) app_init: Compile time:     Jan 26 2025 10:10:18[0m
[0;32mI (239) app_init: ELF file SHA256:  9b6bebe33...[0m
[0;32mI (244) app_init: ESP-IDF:          v5.3.2-dirty[0m
[0;32mI (249) efuse_init: Min chip rev:     v0.0[0m
[0;32mI (254) efuse_init: Max chip rev:     v3.99 [0m
[0;32mI (259) efuse_init: Chip rev:         v3.1[0m
[0;32mI (264) heap_init: Initializing. RAM available for dynamic allocation:[0m
[0;32mI (271) heap_init: At 3FFAE6E0 len 00001920 (6 KiB): DRAM[0m
[0;32mI (277) heap_init: At 3FFB2D90 len 0002D270 (180 KiB): DRAM[0m
[0;32mI (283) heap_init: At 3FFE0440 len 00003AE0 (14 KiB): D/IRAM[0m
[0;32mI (290) heap_init: At 3FFE4350 len 0001BCB0 (111 KiB): D/IRAM[0m
[0;32mI (296) heap_init: At 4008E304 len 00011CFC (71 KiB): IRAM[0m
[0;32mI (304) spi_flash: detected chip: generic[0m
[0;32mI (307) spi_flash: flash io: dio[0m
[0;33mW (311) spi_flash: Detected size(4096k) larger than the size in the binary image header(2048k). Using the size in the binary image header.[0m
[0;33mW (324) i2c: This driver is an old driver, please migrate your application code to adapt `driver/i2c_master.h`[0m
[0;33mW (335) ADC: legacy driver is deprecated, please migrate to `esp_adc/adc_oneshot.h`[0m
[0;32mI (344) main_task: Started on CPU0[0m
[0;32mI (354) main_task: Calling app_main()[0m
[0;32mI (354) MPU6050: MPU6050 initialized successfully[0m
[0;32mI (354) LEDC: LEDC initialized successfully[0m
[0;33mW (354) DIRECTION: MISMATCH: POT=RIGHT (95), MPU=STRAIGHT (0)[0m
[0;31mE (364) ledc: requested frequency 90 and duty resolution 0 can not be achieved, try reducing freq_hz or duty_resolution. div_param=0[0m
[0;33mW (474) DIRECTION: MISMATCH: POT=RIGHT (95), MPU=STRAIGHT (0)[0m
[0;31mE (474) ledc: requested frequency 90 and duty resolution 0 can not be achieved, try reducing freq_hz or duty_resolution. div_param=0[0m
[0;33mW (574) DIRECTION: MISMATCH: POT=RIGHT (95), MPU=STRAIGHT (0)[0m
[0;31mE (574) ledc: requested frequency 90 and duty resolution 0 can not be achieved, try reducing freq_hz or duty_resolution. div_param=0[0m
[0;33mW (674) DIRECTION: MISMATCH: POT=RIGHT (95), MPU=STRAIGHT (0)[0m
Guru Meditation Error: Core  0 panic'ed (IntegerDivideByZero). Exception was unhandled.

Core  0 register dump:
PC      : 0x4000d099  PS      : 0x00060a30  A0      : 0x800d9f40  A1      : 0x3ffb3f30  
A2      : 0x0f424000  A3      : 0x00000000  A4      : 0x00000000  A5      : 0x00000000  
A6      : 0x00000054  A7      : 0x00000000  A8      : 0x00000001  A9      : 0x00000000  
A10     : 0x00000000  A11     : 0x0f424000  A12     : 0x3ffb3e14  A13     : 0x00000000  
A14     : 0x3ffb3df0  A15     : 0xff000000  SAR     : 0x00000020  EXCCAUSE: 0x00000006  
EXCVADDR: 0x00000000  LBEG    : 0x400014fd  LEND    : 0x4000150d  LCOUNT  : 0xfffffffe  


Backtrace: 0x4000d096:0x3ffb3f30 0x400d9f3d:0x3ffb3f50 0x400da639:0x3ffb3f90 0x400d6b04:0x3ffb3fd0 0x400d6c5e:0x3ffb3ff0 0x400d6f16:0x3ffb4010 0x400d65fc:0x3ffb4060 0x400e8e50:0x3ffb4080 0x40087361:0x3ffb40b0




ELF file SHA256: 9b6bebe33

Rebooting...
ets Jul 29 2019 12:21:46

rst:0xc (SW_CPU_RESET),boot:0x13 (SPI_FAST_FLASH_BOOT)
configsip: 0, SPIWP:0xee
clk_drv:0x00,q_drv:0x00,d_drv:0x00,cs0_drv:0x00,hd_drv:0x00,wp_drv:0x00
mode:DIO, clock div:2
load:0x3fff0030,len:7176
load:0x40078000,len:15564
ho 0 tail 12 room 4
load:0x40080400,len:4
load:0x40080404,len:3904
entry 0x40080640
[0;32mI (31) boot: ESP-IDF v5.3.2-dirty 2nd stage bootloader[0m
[0;32mI (31) boot: compile time Jan 26 2025 10:13:14[0m
[0;32mI (31) boot: Multicore bootloader[0m
[0;32mI (36) boot: chip revision: v3.1[0m
[0;32mI (40) boot.esp32: SPI Speed      : 40MHz[0m
[0;32mI (44) boot.esp32: SPI Mode       : DIO[0m
[0;32mI (49) boot.esp32: SPI Flash Size : 2MB[0m
[0;32mI (53) boot: Enabling RNG early entropy source...[0m
[0;32mI (59) boot: Partition Table:[0m
[0;32mI (62) boot: ## Label            Usage          Type ST Offset   Length[0m
[0;32mI (70) boot:  0 nvs              WiFi data        01 02 00009000 00006000[0m
[0;32mI (77) boot:  1 phy_init         RF data          01 01 0000f000 00001000[0m
[0;32mI (85) boot:  2 factory          factory app      00 00 00010000 00100000[0m
[0;32mI (92) boot: End of partition table[0m
[0;32mI (96) esp_image: segment 0: paddr=00010020 vaddr=3f400020 size=0c120h ( 49440) map[0m
[0;32mI (122) esp_image: segment 1: paddr=0001c148 vaddr=3ffb0000 size=023fch (  9212) load[0m
[0;32mI (125) esp_image: segment 2: paddr=0001e54c vaddr=40080000 size=01acch (  6860) load[0m
[0;32mI (130) esp_image: segment 3: paddr=00020020 vaddr=400d0020 size=19720h (104224) map[0m
[0;32mI (172) esp_image: segment 4: paddr=00039748 vaddr=40081acc size=0c838h ( 51256) load[0m
[0;32mI (199) boot: Loaded app from partition at offset 0x10000[0m
[0;32mI (199) boot: Disabling RNG early entropy source...[0m
[0;32mI (212) cpu_start: Multicore app[0m
[0;32mI (220) cpu_start: Pro cpu start user code[0m
[0;32mI (220) cpu_start: cpu freq: 160000000 Hz[0m
[0;32mI (220) app_init: Application information:[0m
[0;32mI (223) app_init: Project name:     ADAS_MASTER_ESP[0m
[0;32mI (228) app_init: App version:      1[0m
[0;32mI (233) app_init: Compile time:     Jan 26 2025 10:10:18[0m
[0;32mI (239) app_init: ELF file SHA256:  9b6bebe33...[0m
[0;32mI (244) app_init: ESP-IDF:          v5.3.2-dirty[0m
[0;32mI (249) efuse_init: Min chip rev:     v0.0[0m
[0;32mI (254) efuse_init: Max chip rev:     v3.99 [0m
[0;32mI (259) efuse_init: Chip rev:         v3.1[0m
[0;32mI (264) heap_init: Initializing. RAM available for dynamic allocation:[0m
[0;32mI (271) heap_init: At 3FFAE6E0 len 00001920 (6 KiB): DRAM[0m
[0;32mI (277) heap_init: At 3FFB2D90 len 0002D270 (180 KiB): DRAM[0m
[0;32mI (283) heap_init: At 3FFE0440 len 00003AE0 (14 KiB): D/IRAM[0m
[0;32mI (290) heap_init: At 3FFE4350 len 0001BCB0 (111 KiB): D/IRAM[0m
[0;32mI (296) heap_init: At 4008E304 len 00011CFC (71 KiB): IRAM[0m
[0;32mI (304) spi_flash: detected chip: generic[0m
[0;32mI (307) spi_flash: flash io: dio[0m
[0;33m[0;33mW (311) spi_flash: Detected size(4096k) larger than the size in the binary image header(2048k). Using the size in the binary image header.[0m[0m
[0;33mW (324) i2c: This driver is an old driver, please migrate your application code to adapt `driver/i2c_master.h`[0m
[0;33mW (335) ADC: legacy driver is deprecated, please migrate to `esp_adc/adc_oneshot.h`[0m
[0;32mI (344) main_task: Started on CPU0[0m
[0;32mI (354) main_task: Calling app_main()[0m
[0;32mI (354) MPU6050: MPU6050 initialized successfully[0m
[0;32mI (354) LEDC: LEDC initialized successfully[0m
[0;33mW (354) DIRECTION: MISMATCH: POT=RIGHT (95), MPU=STRAIGHT (0)[0m
[0;31mE (364) ledc: requested frequency 90 and duty resolution 0 can not be achieved, try reducing freq_hz or duty_resolution. div_param=0[0m
[0;33mW (474) DIRECTION: MISMATCH: POT=RIGHT (95), MPU=STRAIGHT (0)[0m
[0;31mE (474) ledc: requested frequency 90 and duty resolution 0 can not be achieved, try reducing freq_hz or duty_resolution. div_param=0[0m
[0;33mW (574) DIRECTION: MISMATCH: POT=RIGHT (95), MPU=STRAIGHT (0)[0m
[0;31mE (574) ledc: requested frequency 90 and duty resolution 0 can not be achieved, try reducing freq_hz or duty_resolution. div_param=0[0m
[0;33mW (674) DIRECTION: MISMATCH: POT=RIGHT (95), MPU=STRAIGHT (0)[0m
Guru Meditation Error: Core  0 panic'ed (IntegerDivideByZero). Exception was unhandled.

Core  0 register dump:
PC      : 0x4000d099  PS      : 0x00060a30  A0      : 0x800d9f40  A1      : 0x3ffb3f30  
A2      : 0x0f424000  A3      : 0x00000000  A4      : 0x00000000  A5      : 0x00000000  
A6      : 0x00000054  A7      : 0x00000000  A8      : 0x00000001  A9      : 0x00000000  
A10     : 0x00000000  A11     : 0x0f424000  A12     : 0x3ffb3e14  A13     : 0x00000000  
A14     : 0x3ffb3df0  A15     : 0xff000000  SAR     : 0x00000020  EXCCAUSE: 0x00000006  
EXCVADDR: 0x00000000  LBEG    : 0x400014fd  LEND    : 0x4000150d  LCOUNT  : 0xfffffffe  


Backtrace: 0x4000d096:0x3ffb3f30 0x400d9f3d:0x3ffb3f50 0x400da639:0x3ffb3f90 0x400d6b04:0x3ffb3fd0 0x400d6c5e:0x3ffb3ff0 0x400d6f16:0x3ffb4010 0x400d65fc:0x3ffb4060 0x400e8e50:0x3ffb4080 0x40087361:0x3ffb40b0




ELF file SHA256: 9b6bebe33

Rebooting...
ets Jul 29 2019 12:21:46

rst:0xc (SW_CPU_RESET),boot:0x13 (SPI_FAST_FLASH_BOOT)
configsip: 0, SPIWP:0xee
clk_drv:0x00,q_drv:0x00,d_drv:0x00,cs0_drv:0x00,hd_drv:0x00,wp_drv:0x00
mode:DIO, clock div:2
load:0x3fff0030,len:7176
load:0x40078000,len:15564
ho 0 tail 12 room 4
load:0x40080400,len:4
load:0x40080404,len:3904
entry 0x40080640
[0;32mI (31) boot: ESP-IDF v5.3.2-dirty 2nd stage bootloader[0m
[0;32mI (31) boot: compile time Jan 26 2025 10:13:14[0m
[0;32mI (31) boot: Multicore bootloader[0m
[0;32mI (36) boot: chip revision: v3.1[0m
[0;32mI (40) boot.esp32: SPI Speed      : 40MHz[0m
[0;32mI (44) boot.esp32: SPI Mode       : DIO[0m
[0;32mI (49) boot.esp32: SPI Flash Size : 2MB[0m
[0;32mI (53) boot: Enabling RNG early entropy source...[0m
[0;32mI (59) boot: Partition Table:[0m
[0;32mI (62) boot: ## Label            Usage          Type ST Offset   Length[0m
[0;32mI (70) boot:  0 nvs              WiFi data        01 02 00009000 00006000[0m
[0;32mI (77) boot:  1 phy_init         RF data          01 01 0000f000 00001000[0m
[0;32mI (85) boot:  2 factory          factory app      00 00 00010000 00100000[0m
[0;32mI (92) boot: End of partition table[0m
[0;32mI (96) esp_image: segment 0: paddr=00010020 vaddr=3f400020 size=0c120h ( 49440) map[0m
[0;32mI (122) esp_image: segment 1: paddr=0001c148 vaddr=3ffb0000 size=023fch (  9212) load[0m
[0;32mI (125) esp_image: segment 2: paddr=0001e54c vaddr=40080000 size=01acch (  6860) load[0m
[0;32mI (130) esp_image: segment 3: paddr=00020020 vaddr=400d0020 size=19720h (104224) map[0m
[0;32mI (172) esp_image: segment 4: paddr=00039748 vaddr=40081acc size=0c838h ( 51256) load[0m
[0;32mI (199) boot: Loaded app from partition at offset 0x10000[0m
[0;32mI (199) boot: Disabling RNG early entropy source...[0m
[0;32mI (212) cpu_start: Multicore app[0m
[0;32mI (220) cpu_start: Pro cpu start user code[0m
[0;32mI (220) cpu_start: cpu freq: 160000000 Hz[0m
[0;32mI (220) app_init: Application information:[0m
[0;32mI (223) app_init: Project name:     ADAS_MASTER_ESP[0m
[0;32mI (228) app_init: App version:      1[0m
[0;32mI (233) app_init: Compile time:     Jan 26 2025 10:10:18[0m
[0;32mI (239) app_init: ELF file SHA256:  9b6bebe33...[0m
[0;32mI (244) app_init: ESP-IDF:          v5.3.2-dirty[0m
[0;32mI (249) efuse_init: Min chip rev:     v0.0[0m
[0;32mI (254) efuse_init: Max chip rev:     v3.99 [0m
[0;32mI (259) efuse_init: Chip rev:         v3.1[0m
[0;32mI (264) heap_init: Initializing. RAM available for dynamic allocation:[0m
[0;32mI (271) heap_init: At 3FFAE6E0 len 00001920 (6 KiB): DRAM[0m
[0;32mI (277) heap_init: At 3FFB2D90 len 0002D270 (180 KiB): DRAM[0m
[0;32mI (283) heap_init: At 3FFE0440 len 00003AE0 (14 KiB): D/IRAM[0m
[0;32mI (290) heap_init: At 3FFE4350 len 0001BCB0 (111 KiB): D/IRAM[0m
[0;32mI (296) heap_init: At 4008E304 len 00011CFC (71 KiB): IRAM[0m
[0;32mI (304) spi_flash: detected chip: generic[0m
[0;32mI (307) spi_flash: flash io: dio[0m
[0;33mW (311) spi_flash: Detected size(4096k) larger than the size in the binary image header(2048k). Using the size in the binary image header.[0m
[0;33mW (324) i2c: This driver is an old driver, please migrate your application code to adapt `driver/i2c_master.h`[0m
[0;33mW (335) ADC: legacy driver is deprecated, please migrate to `esp_adc/adc_oneshot.h`[0m
[0;32mI (344) main_task: Started on CPU0[0m
[0;32mI (354) main_task: Calling app_main()[0m
[0;32mI (354) MPU6050: MPU6050 initialized successfully[0m
[0;32mI (354) LEDC: LEDC initialized successfully[0m
[0;33mW (354) DIRECTION: MISMATCH: POT=RIGHT (95), MPU=STRAIGHT (0)[0m
[0;31mE (364) ledc: requested frequency 90 and duty resolution 0 can not be achieved, try reducing freq_hz or duty_resolution. div_param=0[0m
[0;33mW (474) DIRECTION: MISMATCH: POT=RIGHT (94), MPU=STRAIGHT (0)[0m
[0;31mE (474) ledc: requested frequency 90 and duty resolution 0 can not be achieved, try reducing freq_hz or duty_resolution. div_param=0[0m
[0;33mW (574) DIRECTION: MISMATCH: POT=RIGHT (94), MPU=STRAIGHT (0)[0m
[0;31mE (574) ledc: requested frequency 90 and duty resolution 0 can not be achieved, try reducing freq_hz or duty_resolution. div_param=0[0m
[0;33mW (674) DIRECTION: MISMATCH: POT=RIGHT (95), MPU=STRAIGHT (0)[0m
Guru Meditation Error: Core  0 panic'ed (IntegerDivideByZero). Exception was unhandled.

Core  0 register dump:
PC      : 0x4000d099  PS      : 0x00060a30  A0      : 0x800d9f40  A1      : 0x3ffb3f30  
A2      : 0x0f424000  A3      : 0x00000000  A4      : 0x00000000  A5      : 0x00000000  
A6      : 0x00000054  A7      : 0x00000000  A8      : 0x00000001  A9      : 0x00000000  
A10     : 0x00000000  A11     : 0x0f424000  A12     : 0x3ffb3e14  A13     : 0x00000000  
A14     : 0x3ffb3df0  A15     : 0xff000000  SAR     : 0x00000020  EXCCAUSE: 0x00000006  
EXCVADDR: 0x00000000  LBEG    : 0x400014fd  LEND    : 0x4000150d  LCOUNT  : 0xfffffffe  


Backtrace: 0x4000d096:0x3ffb3f30 0x400d9f3d:0x3ffb3f50 0x400da639:0x3ffb3f90 0x400d6b04:0x3ffb3fd0 0x400d6c5e:0x3ffb3ff0 0x400d6f16:0x3ffb4010 0x400d65fc:0x3ffb4060 0x400e8e50:0x3ffb4080 0x40087361:0x3ffb40b0




ELF file SHA256: 9b6bebe33

Rebooting...
ets Jul 29 2019 12:21:46

rst:0xc (SW_CPU_RESET),boot:0x13 (SPI_FAST_FLASH_BOOT)
configsip: 0, SPIWP:0xee
clk_drv:0x00,q_drv:0x00,d_drv:0x00,cs0_drv:0x00,hd_drv:0x00,wp_drv:0x00
mode:DIO, clock div:2
load:0x3fff0030,len:7176
load:0x40078000,len:15564
ho 0 tail 12 room 4
load:0x40080400,len:4
load:0x40080404,len:3904
entry 0x40080640
[0;32mI (31) boot: ESP-IDF v5.3.2-dirty 2nd stage bootloader[0m
[0;32mI (31) boot: compile time Jan 26 2025 10:13:14[0m
[0;32mI (31) boot: Multicore bootloader[0m
[0;32mI (36) boot: chip revision: v3.1[0m
[0;32mI (40) boot.esp32: SPI Speed      : 40MHz[0m
[0;32mI (44) boot.esp32: SPI Mode       : DIO[0m
[0;32mI (49) boot.esp32: SPI Flash Size : 2MB[0m
[0;32mI (53) boot: Enabling RNG early entropy source...[0m
[0;32mI (59) boot: Partition Table:[0m
[0;32mI (62) boot: ## Label            Usage          Type ST Offset   Length[0m
[0;32mI (70) boot:  0 nvs              WiFi data        01 02 00009000 00006000[0m
[0;32mI (77) boot:  1 phy_init         RF data          01 01 0000f000 00001000[0m
[0;32mI (85) boot:  2 factory          factory app      00 00 00010000 00100000[0m
[0;32mI (92) boot: End of partition table[0m
[0;32mI (96) esp_image: segment 0: paddr=00010020 vaddr=3f400020 size=0c120h ( 49440) map[0m
[0;32mI (122) esp_image: segment 1: paddr=0001c148 vaddr=3ffb0000 size=023fch (  9212) load[0m
[0;32mI (125) esp_image: segment 2: paddr=0001e54c vaddr=40080000 size=01acch (  6860) load[0m
[0;32mI (130) esp_image: segment 3: paddr=00020020 vaddr=400d0020 size=19720h (104224) map[0m
[0;32mI (172) esp_image: segment 4: paddr=00039748 vaddr=40081acc size=0c838h ( 51256) load[0m
[0;32mI (199) boot: Loaded app from partition at offset 0x10000[0m
[0;32mI (199) boot: Disabling RNG early entropy source...[0m
[0;32mI (212) cpu_start: Multicore app[0m
[0;32mI (220) cpu_start: Pro cpu start user code[0m
[0;32mI (220) cpu_start: cpu freq: 160000000 Hz[0m
[0;32mI (220) app_init: Application information:[0m
[0;32mI (223) app_init: Project name:     ADAS_MASTER_ESP[0m
[0;32mI (228) app_init: App version:      1[0m
[0;32mI (233) app_init: Compile time:     Jan 26 2025 10:10:18[0m
[0;32mI (239) app_init: ELF file SHA256:  9b6bebe33...[0m
[0;32mI (244) app_init: ESP-IDF:          v5.3.2-dirty[0m
[0;32mI (249) efuse_init: Min chip rev:     v0.0[0m
[0;32mI (254) efuse_init: Max chip rev:     v3.99 [0m
[0;32mI (259) efuse_init: Chip rev:         v3.1[0m
[0;32mI (264) heap_init: Initializing. RAM available for dynamic allocation:[0m
[0;32mI (271) heap_init: At 3FFAE6E0 len 00001920 (6 KiB): DRAM[0m
[0;32mI (277) heap_init: At 3FFB2D90 len 0002D270 (180 KiB): DRAM[0m
[0;32mI (283) heap_init: At 3FFE0440 len 00003AE0 (14 KiB): D/IRAM[0m
[0;32mI (290) heap_init: At 3FFE4350 len 0001BCB0 (111 KiB): D/IRAM[0m
[0;32mI (296) heap_init: At 4008E304 len 00011CFC (71 KiB): IRAM[0m
[0;32mI (304) spi_flash: detected chip: generic[0m
[0;32mI (307) spi_flash: flash io: dio[0m
[0;33mW (311) spi_flash: Detected size(4096k) larger than the size in the binary image header(2048k). Using the size in the binary image header.[0m
[0;33mW (324) i2c: This driver is an old driver, please migrate your application code to adapt `driver/i2c_master.h`[0m
[0;33mW (335) ADC: legacy driver is deprecated, please migrate to `esp_adc/adc_oneshot.h`[0m
[0;32mI (344) main_task: Started on CPU0[0m
[0;32mI (354) main_task: Calling app_main()[0m
[0;32mI (354) MPU6050: MPU6050 initialized successfully[0m
[0;32mI (354) LEDC: LEDC initialized successfully[0m
[0;33mW (354) DIRECTION: MISMATCH: POT=RIGHT (95), MPU=STRAIGHT (0)[0m
[0;31mE (364) ledc: requested frequency 90 and duty resolution 0 can not be achieved, try reducing freq_hz or duty_resolution. div_param=0[0m
[0;33mW (474) DIRECTION: MISMATCH: POT=RIGHT (95), MPU=STRAIGHT (0)[0m
[0;31mE (474) ledc: requested frequency 90 and duty resolution 0 can not be achieved, try reducing freq_hz or duty_resolution. div_param=0[0m
[0;33mW (574) DIRECTION: MISMATCH: POT=RIGHT (95), MPU=STRAIGHT (0)[0m
[0;31mE (574) ledc: requested frequency 90 and duty resolution 0 can not be achieved, try reducing freq_hz or duty_resolution. div_param=0[0m
[0;33mW (674) DIRECTION: MISMATCH: POT=RIGHT (95), MPU=STRAIGHT (0)[0m
Guru Meditation Error: Core  0 panic'ed (IntegerDivideByZero). Exception was unhandled.

Core  0 register dump:
PC      : 0x4000d099  PS      : 0x00060a30  A0      : 0x800d9f40  A1      : 0x3ffb3f30  
A2      : 0x0f424000  A3      : 0x00000000  A4      : 0x00000000  A5      : 0x00000000  
A6      : 0x00000054  A7      : 0x00000000  A8      : 0x00000001  A9      : 0x00000000  
A10     : 0x00000000  A11     : 0x0f424000  A12     : 0x3ffb3e14  A13     : 0x00000000  
A14     : 0x3ffb3df0  A15     : 0xff000000  SAR     : 0x00000020  EXCCAUSE: 0x00000006  
EXCVADDR: 0x00000000  LBEG    : 0x400014fd  LEND    : 0x4000150d  LCOUNT  : 0xfffffffe  


Backtrace: 0x4000d096:0x3ffb3f30 0x400d9f3d:0x3ffb3f50 0x400da639:0x3ffb3f90 0x400d6b04:0x3ffb3fd0 0x400d6c5e:0x3ffb3ff0 0x400d6f16:0x3ffb4010 0x400d65fc:0x3ffb4060 0x400e8e50:0x3ffb4080 0x40087361:0x3ffb40b0




ELF file SHA256: 9b6bebe33

Rebooting...
ets Jul 29 2019 12:21:46

rst:0xc (SW_CPU_RESET),boot:0x13 (SPI_FAST_FLASH_BOOT)
configsip: 0, SPIWP:0xee
clk_drv:0x00,q_drv:0x00,d_drv:0x00,cs0_drv:0x00,hd_drv:0x00,wp_drv:0x00
mode:DIO, clock div:2
load:0x3fff0030,len:7176
load:0x40078000,len:15564
ho 0 tail 12 room 4
load:0x40080400,len:4
load:0x40080404,len:3904
entry 0x40080640
[0;32mI (31) boot: ESP-IDF v5.3.2-dirty 2nd stage bootloader[0m
[0;32mI (31) boot: compile time Jan 26 2025 10:13:14[0m
[0;32mI (31) boot: Multicore bootloader[0m
[0;32mI (36) boot: chip revision: v3.1[0m
[0;32mI (40) boot.esp32: SPI Speed      : 40MHz[0m
[0;32mI (44) boot.esp32: SPI Mode       : DIO[0m
[0;32mI (49) boot.esp32: SPI Flash Size : 2MB[0m
[0;32mI (53) boot: Enabling RNG early entropy source...[0m
[0;32mI (59) boot: Partition Table:[0m
[0;32mI (62) boot: ## Label            Usage          Type ST Offset   Length[0m
[0;32mI (70) boot:  0 nvs              WiFi data        01 02 00009000 00006000[0m
[0;32mI (77) boot:  1 phy_init         RF data          01 01 0000f000 00001000[0m
[0;32mI (85) boot:  2 factory          factory app      00 00 00010000 00100000[0m
[0;32mI (92) boot: End of partition table[0m
[0;32mI (96) esp_image: segment 0: paddr=00010020 vaddr=3f400020 size=0c120h ( 49440) map[0m
[0;32mI (122) esp_image: segment 1: paddr=0001c148 vaddr=3ffb0000 size=023fch (  9212) load[0m
[0;32mI (125) esp_image: segment 2: paddr=0001e54c vaddr=40080000 size=01acch (  6860) load[0m
[0;32mI (130) esp_image: segment 3: paddr=00020020 vaddr=400d0020 size=19720h (104224) map[0m
[0;32mI (172) esp_image: segment 4: paddr=00039748 vaddr=40081acc size=0c838h ( 51256) load[0m
[0;32mI (199) boot: Loaded app from partition at offset 0x10000[0m
[0;32mI (199) boot: Disabling RNG early entropy source...[0m
[0;32mI (212) cpu_start: Multicore app[0m
[0;32mI (220) cpu_start: Pro cpu start user code[0m
[0;32mI (220) cpu_start: cpu freq: 160000000 Hz[0m
[0;32mI (220) app_init: Application information:[0m
[0;32mI (223) app_init: Project name:     ADAS_MASTER_ESP[0m
[0;32mI (228) app_init: App version:      1[0m
[0;32mI (233) app_init: Compile time:     Jan 26 2025 10:10:18[0m
[0;32mI (239) app_init: ELF file SHA256:  9b6bebe33...[0m
[0;32mI (244) app_init: ESP-IDF:          v5.3.2-dirty[0m
[0;32mI (249) efuse_init: Min chip rev:     v0.0[0m
[0;32mI (254) efuse_init: Max chip rev:     v3.99 [0m
[0;32mI (259) efuse_init: Chip rev:         v3.1[0m
[0;32mI (264) heap_init: Initializing. RAM available for dynamic allocation:[0m
[0;32mI (271) heap_init: At 3FFAE6E0 len 00001920 (6 KiB): DRAM[0m
[0;32mI (277) heap_init: At 3FFB2D90 len 0002D270 (180 KiB): DRAM[0m
[0;32mI (283) heap_init: At 3FFE0440 len 00003AE0 (14 KiB): D/IRAM[0m
[0;32mI (290) heap_init: At 3FFE4350 len 0001BCB0 (111 KiB): D/IRAM[0m
[0;32mI (296) heap_init: At 4008E304 len 00011CFC (71 KiB): IRAM[0m
[0;32mI (304) spi_flash: detected chip: generic[0m
[0;32mI (307) spi_flash: flash io: dio[0m
[0;33mW (311) spi_flash: Detected size(4096k) larger than the size in the binary image header(2048k). Using the size in the binary image header.[0m
