0x1 (POWERON_RESET),boot:0x3 (DOWNLOAD_BOOT(UART0/UART1/SDIO_REI_REO_V2))
wï¿½ets Jul 29 2019 12:21:46

rst:0x1 (POWERON_RESET),boot:0x3 (DOWNLOAD_BOOT(UART0/UART1/SDIO_REI_REO_V2))
waiting for download
ets Jul 29 2019 12:21:46

rst:0x1 (POWERON_RESET),boot:0x13 (SPI_FAST_FLASH_BOOT)
configsip: 0, SPIWP:0xee
clk_drv:0x00,q_drv:0x00,d_drv:0x00,cs0_drv:0x00,hd_drv:0x00,wp_drv:0x00
mode:DIO, clock div:2
load:0x3fff0030,len:7176
load:0x40078000,len:15564
ho 0 tail 12 room 4
load:0x40080400,len:4
load:0x40080404,len:3904
entry 0x40080640
[0;32mI (31) boot: ESP-IDF v5.3.2-dirty 2nd stage bootloader[0m
[0;32mI (31) boot: compile time Jan 26 2025 10:13:14[0m
[0;32mI (31) boot: Multicore bootloader[0m
[0;32mI (36) boot: chip revision: v3.1[0m
[0;32mI (40) boot.esp32: SPI Speed      : 40MHz[0m
[0;32mI (44) boot.esp32: SPI Mode       : DIO[0m
[0;32mI (49) boot.esp32: SPI Flash Size : 2MB[0m
[0;32mI (53) boot: Enabling RNG early entropy source...[0m
[0;32mI (59) boot: Partition Table:[0m
[0;32mI (62) boot: ## Label            Usage          Type ST Offset   Length[0m
[0;32mI (70) boot:  0 nvs              WiFi data        01 02 00009000 00006000[0m
[0;32mI (77) boot:  1 phy_init         RF data          01 01 0000f000 00001000[0m
[0;32mI (85) boot:  2 factory          factory app      00 00 00010000 00100000[0m
[0;32mI (92) boot: End of partition table[0m
[0;32mI (96) esp_image: segment 0: paddr=00010020 vaddr=3f400020 size=0c198h ( 49560) map[0m
[0;32mI (122) esp_image: segment 1: paddr=0001c1c0 vaddr=3ffb0000 size=023fch (  9212) load[0m
[0;32mI (125) esp_image: segment 2: paddr=0001e5c4 vaddr=40080000 size=01a54h (  6740) load[0m
[0;32mI (130) esp_image: segment 3: paddr=00020020 vaddr=400d0020 size=19af4h (105204) map[0m
[0;32mI (172) esp_image: segment 4: paddr=00039b1c vaddr=40081a54 size=0c8b0h ( 51376) load[0m
[0;32mI (200) boot: Loaded app from partition at offset 0x10000[0m
[0;32mI (200) boot: Disabling RNG early entropy source...[0m
[0;32mI (212) cpu_start: Multicore app[0m
[0;32mI (220) cpu_start: Pro cpu start user code[0m
[0;32mI (220) cpu_start: cpu freq: 160000000 Hz[0m
[0;32mI (221) app_init: Application information:[0m
[0;32mI (223) app_init: Project name:     ADAS_MASTER_ESP[0m
[0;32mI (229) app_init: App version:      1[0m
[0;32mI (233) app_init: Compile time:     Jan 26 2025 10:10:18[0m
[0;32mI (239) app_init: ELF file SHA256:  be36f3e66...[0m
[0;32mI (245) app_init: ESP-IDF:          v5.3.2-dirty[0m
[0;32mI (250) efuse_init: Min chip rev:     v0.0[0m
[0;32mI (255) efuse_init: Max chip rev:     v3.99 [0m
[0;32mI (260) efuse_init: Chip rev:         v3.1[0m
[0;32mI (265) heap_init: Initializing. RAM available for dynamic allocation:[0m
[0;32mI (272) heap_init: At 3FFAE6E0 len 00001920 (6 KiB): DRAM[0m
[0;32mI (278) heap_init: At 3FFB2D90 len 0002D270 (180 KiB): DRAM[0m
[0;32mI (284) heap_init: At 3FFE0440 len 00003AE0 (14 KiB): D/IRAM[0m
[0;32mI (290) heap_init: At 3FFE4350 len 0001BCB0 (111 KiB): D/IRAM[0m
[0;32mI (297) heap_init: At 4008E304 len 00011CFC (71 KiB): IRAM[0m
[0;32mI (304) spi_flash: detected chip: generic[0m
[0;32mI (308) spi_flash: flash io: dio[0m
[0;33mW (311) spi_flash: Detected size(4096k) larger than the size in the binary image header(2048k). Using the size in the binary image header.[0m
[0;33mW (325) i2c: This driver is an old driver, please migrate your application code to adapt `driver/i2c_master.h`[0m
[0;33mW (335) ADC: legacy driver is deprecated, please migrate to `esp_adc/adc_oneshot.h`[0m
[0;32mI (344) main_task: Started on CPU0[0m
[0;32mI (354) main_task: Calling app_main()[0m
[0;32mI (354) MPU6050: MPU6050 initialized successfully[0m
[0;32mI (354) LEDC: LEDC initialized successfully[0m
[0;33mW (354) DIRECTION: MISMATCH: POT=RIGHT (93), MPU=STRAIGHT (2)[0m
[0;32mI (464) DIRECTION: MATCH: STRAIGHT (Pot: 44, MPU: 0)[0m
[0;32mI (564) DIRECTION: MATCH: STRAIGHT (Pot: 26, MPU: 0)[0m
[0;32mI (664) DIRECTION: MATCH: STRAIGHT (Pot: 21, MPU: 0)[0m
[0;32mI (764) DIRECTION: MATCH: STRAIGHT (Pot: 21, MPU: 0)[0m
[0;32mI (864) DIRECTION: MATCH: STRAIGHT (Pot: 23, MPU: 0)[0m
[0;32mI (964) DIRECTION: MATCH: STRAIGHT (Pot: 22, MPU: 0)[0m
[0;32mI (1064) DIRECTION: MATCH: STRAIGHT (Pot: 21, MPU: 0)[0m
[0;32mI (1164) DIRECTION: MATCH: STRAIGHT (Pot: 19, MPU: 0)[0m
[0;32mI (1264) DIRECTION: MATCH: STRAIGHT (Pot: 17, MPU: 0)[0m
[0;32mI (1364) DIRECTION: MATCH: STRAIGHT (Pot: 18, MPU: 0)[0m
[0;32mI (1464) DIRECTION: MATCH: STRAIGHT (Pot: 17, MPU: 0)[0m
[0;32mI (1564) DIRECTION: MATCH: STRAIGHT (Pot: 10, MPU: 0)[0m
[0;33mW (1664) DIRECTION: MISMATCH: POT=RIGHT (94), MPU=STRAIGHT (0)[0m
Guru Meditation Error: Core  0 panic'ed (IntegerDivideByZero). Exception was unhandled.

Core  0 register dump:
PC      : 0x4000d099  PS      : 0x00060630  A0      : 0x800da058  A1      : 0x3ffb3f30  
A2      : 0xc4b40000  A3      : 0x00000004  A4      : 0x00000000  A5      : 0x00000000  
A6      : 0x00000054  A7      : 0x00000000  A8      : 0x00000001  A9      : 0x00000004  
A10     : 0x00000000  A11     : 0xc4b40000  A12     : 0x3ffb3e14  A13     : 0x00000000  
A14     : 0x3ffb3df0  A15     : 0xff000000  SAR     : 0x00000016  EXCCAUSE: 0x00000006  
EXCVADDR: 0x00000000  LBEG    : 0x400014fd  LEND    : 0x4000150d  LCOUNT  : 0xfffffffe  


Backtrace: 0x4000d096:0x3ffb3f30 0x400da055:0x3ffb3f50 0x400daa0d:0x3ffb3f90 0x400d6b74:0x3ffb3fd0 0x400d6cce:0x3ffb3ff0 0x400d6f86:0x3ffb4010 0x400d6624:0x3ffb4060 0x400e9224:0x3ffb4080 0x40087361:0x3ffb40b0




ELF file SHA256: be36f3e66

Rebooting...
ets Jul 29 2019 12:21:46

rst:0xc (SW_CPU_RESET),boot:0x13 (SPI_FAST_FLASH_BOOT)
configsip: 0, SPIWP:0xee
clk_drv:0x00,q_drv:0x00,d_drv:0x00,cs0_drv:0x00,hd_drv:0x00,wp_drv:0x00
mode:DIO, clock div:2
load:0x3fff0030,len:7176
load:0x40078000,len:15564
ho 0 tail 12 room 4
load:0x40080400,len:4
load:0x40080404,len:3904
entry 0x40080640
[0;32mI (31) boot: ESP-IDF v5.3.2-dirty 2nd stage bootloader[0m
[0;32mI (31) boot: compile time Jan 26 2025 10:13:14[0m
[0;32mI (31) boot: Multicore bootloader[0m
[0;32mI (36) boot: chip revision: v3.1[0m
[0;32mI (40) boot.esp32: SPI Speed      : 40MHz[0m
[0;32mI (44) boot.esp32: SPI Mode       : DIO[0m
[0;32mI (49) boot.esp32: SPI Flash Size : 2MB[0m
[0;32mI (53) boot: Enabling RNG early entropy source...[0m
[0;32mI (59) boot: Partition Table:[0m
[0;32mI (62) boot: ## Label            Usage          Type ST Offset   Length[0m
[0;32mI (70) boot:  0 nvs              WiFi data        01 02 00009000 00006000[0m
[0;32mI (77) boot:  1 phy_init         RF data          01 01 0000f000 00001000[0m
[0;32mI (85) boot:  2 factory          factory app      00 00 00010000 00100000[0m
[0;32mI (92) boot: End of partition table[0m
[0;32mI (96) esp_image: segment 0: paddr=00010020 vaddr=3f400020 size=0c198h ( 49560) map[0m
[0;32mI (122) esp_image: segment 1: paddr=0001c1c0 vaddr=3ffb0000 size=023fch (  9212) load[0m
[0;32mI (125) esp_image: segment 2: paddr=0001e5c4 vaddr=40080000 size=01a54h (  6740) load[0m
[0;32mI (130) esp_image: segment 3: paddr=00020020 vaddr=400d0020 size=19af4h (105204) map[0m
[0;32mI (172) esp_image: segment 4: paddr=00039b1c vaddr=40081a54 size=0c8b0h ( 51376) load[0m
[0;32mI (200) boot: Loaded app from partition at offset 0x10000[0m
[0;32mI (200) boot: Disabling RNG early entropy source...[0m
[0;32mI (212) cpu_start: Multicore app[0m
[0;32mI (220) cpu_start: Pro cpu start user code[0m
[0;32mI (220) cpu_start: cpu freq: 160000000 Hz[0m
[0;32mI (220) app_init: Application information:[0m
[0;32mI (223) app_init: Project name:     ADAS_MASTER_ESP[0m
[0;32mI (229) app_init: App version:      1[0m
[0;32mI (233) app_init: Compile time:     Jan 26 2025 10:10:18[0m
[0;32mI (239) app_init: ELF file SHA256:  be36f3e66...[0m
[0;32mI (244) app_init: ESP-IDF:          v5.3.2-dirty[0m
[0;32mI (250) efuse_init: Min chip rev:     v0.0[0m
[0;32mI (255) efuse_init: Max chip rev:     v3.99 [0m
[0;32mI (259) efuse_init: Chip rev:         v3.1[0m
[0;32mI (265) heap_init: Initializing. RAM available for dynamic allocation:[0m
[0;32mI (272) heap_init: At 3FFAE6E0 len 00001920 (6 KiB): DRAM[0m
[0;32mI (278) heap_init: At 3FFB2D90 len 0002D270 (180 KiB): DRAM[0m
[0;32mI (284) heap_init: At 3FFE0440 len 00003AE0 (14 KiB): D/IRAM[0m
[0;32mI (290) heap_init: At 3FFE4350 len 0001BCB0 (111 KiB): D/IRAM[0m
[0;32mI (297) heap_init: At 4008E304 len 00011CFC (71 KiB): IRAM[0m
[0;32mI (304) spi_flash: detected chip: generic[0m
[0;32mI (307) spi_flash: flash io: dio[0m
[0;33mW (311) spi_flash: Detected size(4096k) larger than the size in the binary image header(2048k). Using the size in the binary image header.[0m
[0;33mW (325) i2c: This driver is an old driver, please migrate your application code to adapt `driver/i2c_master.h`[0m
[0;33mW (335) ADC: legacy driver is deprecated, please migrate to `esp_adc/adc_oneshot.h`[0m
[0;32mI (344) main_task: Started on CPU0[0m
[0;32mI (354) main_task: Calling app_main()[0m
[0;32mI (354) MPU6050: MPU6050 initialized successfully[0m
[0;32mI (354) LEDC: LEDC initialized successfully[0m
[0;33mW (354) DIRECTION: MISMATCH: POT=RIGHT (95), MPU=STRAIGHT (0)[0m
[0;33mW (464) DIRECTION: MISMATCH: POT=RIGHT (96), MPU=STRAIGHT (0)[0m
[0;33mW (564) DIRECTION: MISMATCH: POT=RIGHT (95), MPU=STRAIGHT (0)[0m
[0;33mW (664) DIRECTION: MISMATCH: POT=RIGHT (95), MPU=STRAIGHT (0)[0m
Guru Meditation Error: Core  0 panic'ed (IntegerDivideByZero). Exception was unhandled.

Core  0 register dump:
PC      : 0x4000d099  PS      : 0x00060630  A0      : 0x800da058  A1      : 0x3ffb3f30  
A2      : 0xc4b40000  A3      : 0x00000004  A4      : 0x00000000  A5      : 0x00000000  
A6      : 0x00000054  A7      : 0x00000000  A8      : 0x00000001  A9      : 0x00000004  
A10     : 0x00000000  A11     : 0xc4b40000  A12     : 0x3ffb3e14  A13     : 0x00000000  
A14     : 0x3ffb3df0  A15     : 0xff000000  SAR     : 0x00000016  EXCCAUSE: 0x00000006  
EXCVADDR: 0x00000000  LBEG    : 0x400014fd  LEND    : 0x4000150d  LCOUNT  : 0xfffffffe  


Backtrace: 0x4000d096:0x3ffb3f30 0x400da055:0x3ffb3f50 0x400daa0d:0x3ffb3f90 0x400d6b74:0x3ffb3fd0 0x400d6cce:0x3ffb3ff0 0x400d6f86:0x3ffb4010 0x400d6624:0x3ffb4060 0x400e9224:0x3ffb4080 0x40087361:0x3ffb40b0




ELF file SHA256: be36f3e66

Rebooting...
ets Jul 29 2019 12:21:46

rst:0xc (SW_CPU_RESET),boot:0x13 (SPI_FAST_FLASH_BOOT)
configsip: 0, SPIWP:0xee
clk_drv:0x00,q_drv:0x00,d_drv:0x00,cs0_drv:0x00,hd_drv:0x00,wp_drv:0x00
mode:DIO, clock div:2
load:0x3fff0030,len:7176
load:0x40078000,len:15564
ho 0 tail 12 room 4
load:0x40080400,len:4
load:0x40080404,len:3904
entry 0x40080640
[0;32mI (31) boot: ESP-IDF v5.3.2-dirty 2nd stage bootloader[0m
[0;32mI (31) boot: compile time Jan 26 2025 10:13:14[0m
[0;32mI (31) boot: Multicore bootloader[0m
[0;32mI (36) boot: chip revision: v3.1[0m
[0;32mI (40) boot.esp32: SPI Speed      : 40MHz[0m
[0;32mI (44) boot.esp32: SPI Mode       : DIO[0m
[0;32mI (49) boot.esp32: SPI Flash Size : 2MB[0m
[0;32mI (53) boot: Enabling RNG early entropy source...[0m
[0;32mI (59) boot: Partition Table:[0m
[0;32mI (62) boot: ## Label            Usage          Type ST Offset   Length[0m
[0;32mI (70) boot:  0 nvs              WiFi data        01 02 00009000 00006000[0m
[0;32mI (77) boot:  1 phy_init         RF data          01 01 0000f000 00001000[0m
[0;32mI (85) boot:  2 factory          factory app      00 00 00010000 00100000[0m
[0;32mI (92) boot: End of partition table[0m
[0;32mI (96) esp_image: segment 0: paddr=00010020 vaddr=3f400020 size=0c198h ( 49560) map[0m
[0;32mI (122) esp_image: segment 1: paddr=0001c1c0 vaddr=3ffb0000 size=023fch (  9212) load[0m
[0;32mI (125) esp_image: segment 2: paddr=0001e5c4 vaddr=40080000 size=01a54h (  6740) load[0m
[0;32mI (130) esp_image: segment 3: paddr=00020020 vaddr=400d0020 size=19af4h (105204) map[0m
[0;32mI (172) esp_image: segment 4: paddr=00039b1c vaddr=40081a54 size=0c8b0h ( 51376) load[0m
[0;32mI (200) boot: Loaded app from partition at offset 0x10000[0m
[0;32mI (200) boot: Disabling RNG early entropy source...[0m
[0;32mI (212) cpu_start: Multicore app[0m
[0;32mI (220) cpu_start: Pro cpu start user code[0m
[0;32mI (220) cpu_start: cpu freq: 160000000 Hz[0m
[0;32mI (220) app_init: Application information:[0m
[0;32mI (223) app_init: Project name:     ADAS_MASTER_ESP[0m
[0;32mI (229) app_init: App version:      1[0m
[0;32mI (233) app_init: Compile time:     Jan 26 2025 10:10:18[0m
[0;32mI (239) app_init: ELF file SHA256:  be36f3e66...[0m
[0;32mI (244) app_init: ESP-IDF:          v5.3.2-dirty[0m
[0;32mI (250) efuse_init: Min chip rev:     v0.0[0m
[0;32mI (255) efuse_init: Max chip rev:     v3.99 [0m
[0;32mI (259) efuse_init: Chip rev:         v3.1[0m
[0;32mI (265) heap_init: Initializing. RAM available for dynamic allocation:[0m
[0;32mI (272) heap_init: At 3FFAE6E0 len 00001920 (6 KiB): DRAM[0m
[0;32mI (278) heap_init: At 3FFB2D90 len 0002D270 (180 KiB): DRAM[0m
[0;32mI (284) heap_init: At 3FFE0440 len 00003AE0 (14 KiB): D/IRAM[0m
[0;32mI (290) heap_init: At 3FFE4350 len 0001BCB0 (111 KiB): D/IRAM[0m
[0;32mI (297) heap_init: At 4008E304 len 00011CFC (71 KiB): IRAM[0m
[0;32mI (304) spi_flash: detected chip: generic[0m
[0;32mI (307) spi_flash: flash io: dio[0m
[0;33mW (311) spi_flash: Detected size(4096k) larger than the size in the binary image header(2048k). Using the size in the binary image header.[0m
[0;33mW (325) i2c: This driver is an old driver, please migrate your application code to adapt `driver/i2c_master.h`[0m
[0;33mW (335) ADC: legacy driver is deprecated, please migrate to `esp_adc/adc_oneshot.h`[0m
[0;32mI (344) main_task: Started on CPU0[0m
[0;32mI (354) main_task: Calling app_main()[0m
[0;32mI (354) MPU6050: MPU6050 initialized successfully[0m
[0;32mI (354) LEDC: LEDC initialized successfully[0m
[0;33mW (354) DIRECTION: MISMATCH: POT=RIGHT (95), MPU=STRAIGHT (0)[0m
[0;33mW (464) DIRECTION: MISMATCH: POT=RIGHT (95), MPU=STRAIGHT (0)[0m
[0;33mW (564) DIRECTION: MISMATCH: POT=RIGHT (95), MPU=STRAIGHT (0)[0m
[0;33mW (664) DIRECTION: MISMATCH: POT=RIGHT (95), MPU=STRAIGHT (0)[0m
Guru Meditation Error: Core  0 panic'ed (IntegerDivideByZero). Exception was unhandled.

Core  0 register dump:
PC      : 0x4000d099  PS      : 0x00060630  A0      : 0x800da058  A1      : 0x3ffb3f30  
A2      : 0xc4b40000  A3      : 0x00000004  A4      : 0x00000000  A5      : 0x00000000  
A6      : 0x00000054  A7      : 0x00000000  A8      : 0x00000001  A9      : 0x00000004  
A10     : 0x00000000  A11     : 0xc4b40000  A12     : 0x3ffb3e14  A13     : 0x00000000  
A14     : 0x3ffb3df0  A15     : 0xff000000  SAR     : 0x00000016  EXCCAUSE: 0x00000006  
EXCVADDR: 0x00000000  LBEG    : 0x400014fd  LEND    : 0x4000150d  LCOUNT  : 0xfffffffe  


Backtrace: 0x4000d096:0x3ffb3f30 0x400da055:0x3ffb3f50 0x400daa0d:0x3ffb3f90 0x400d6b74:0x3ffb3fd0 0x400d6cce:0x3ffb3ff0 0x400d6f86:0x3ffb4010 0x400d6624:0x3ffb4060 0x400e9224:0x3ffb4080 0x40087361:0x3ffb40b0




ELF file SHA256: be36f3e66

Rebooting...
ets Jul 29 2019 12:21:46

rst:0xc (SW_CPU_RESET),boot:0x13 (SPI_FAST_FLASH_BOOT)
configsip: 0, SPIWP:0xee
clk_drv:0x00,q_drv:0x00,d_drv:0x00,cs0_drv:0x00,hd_drv:0x00,wp_drv:0x00
mode:DIO, clock div:2
load:0x3fff0030,len:7176
load:0x40078000,len:15564
ho 0 tail 12 room 4
load:0x40080400,len:4
load:0x40080404,len:3904
entry 0x40080640
[0;32mI (31) boot: ESP-IDF v5.3.2-dirty 2nd stage bootloader[0m
[0;32mI (31) boot: compile time Jan 26 2025 10:13:14[0m
[0;32mI (31) boot: Multicore bootloader[0m
[0;32mI (36) boot: chip revision: v3.1[0m
[0;32mI (40) boot.esp32: SPI Speed      : 40MHz[0m
[0;32mI (44) boot.esp32: SPI Mode       : DIO[0m
[0;32mI (49) boot.esp32: SPI Flash Size : 2MB[0m
[0;32mI (53) boot: Enabling RNG early entropy source...[0m
[0;32mI (59) boot: Partition Table:[0m
[0;32mI (62) boot: ## Label            Usage          Type ST Offset   Length[0m
[0;32mI (70) boot:  0 nvs              WiFi data        01 02 00009000 00006000[0m
[0;32mI (77) boot:  1 phy_init         RF data          01 01 0000f000 00001000[0m
[0;32mI (85) boot:  2 factory          factory app      00 00 00010000 00100000[0m
[0;32mI (92) boot: End of partition table[0m
[0;32mI (96) esp_image: segment 0: paddr=00010020 vaddr=3f400020 size=0c198h ( 49560) map[0m
[0;32mI (122) esp_image: segment 1: paddr=0001c1c0 vaddr=3ffb0000 size=023fch (  9212) load[0m
[0;32mI (125) esp_image: segment 2: paddr=0001e5c4 vaddr=40080000 size=01a54h (  6740) load[0m
[0;32mI (130) esp_image: segment 3: paddr=00020020 vaddr=400d0020 size=19af4h (105204) map[0m
[0;32mI (172) esp_image: segment 4: paddr=00039b1c vaddr=40081a54 size=0c8b0h ( 51376) load[0m
[0;32mI (200) boot: Loaded app from partition at offset 0x10000[0m
[0;32mI (200) boot: Disabling RNG early entropy source...[0m
[0;32mI (212) cpu_start: Multicore app[0m
[0;32mI (220) cpu_start: Pro cpu start user code[0m
[0;32mI (220) cpu_start: cpu freq: 160000000 Hz[0m
[0;32mI (220) app_init: Application information:[0m
[0;32mI (223) app_init: Project name:     ADAS_MASTER_ESP[0m
[0;32mI (229) app_init: App version:      1[0m
[0;32mI (233) app_init: Compile time:     Jan 26 2025 10:10:18[0m
[0;32mI (239) app_init: ELF file SHA256:  be36f3e66...[0m
[0;32mI (244) app_init: ESP-IDF:          v5.3.2-dirty[0m
[0;32mI (250) efuse_init: Min chip rev:     v0.0[0m
[0;32mI (255) efuse_init: Max chip rev:     v3.99 [0m
[0;32mI (259) efuse_init: Chip rev:         v3.1[0m
[0;32mI (265) heap_init: Initializing. RAM available for dynamic allocation:[0m
[0;32mI (272) heap_init: At 3FFAE6E0 len 00001920 (6 KiB): DRAM[0m
[0;32mI (278) heap_init: At 3FFB2D90 len 0002D270 (180 KiB): DRAM[0m
[0;32mI (284) heap_init: At 3FFE0440 len 00003AE0 (14 KiB): D/IRAM[0m
[0;32mI (290) heap_init: At 3FFE4350 len 0001BCB0 (111 KiB): D/IRAM[0m
[0;32mI (297) heap_init: At 4008E304 len 00011CFC (71 KiB): IRAM[0m
[0;32mI (304) spi_flash: detected chip: generic[0m
[0;32mI (307) spi_flash: flash io: dio[0m
[0;33mW (311) spi_flash: Detected size(4096k) larger than the size in the binary image header(2048k). Using the size in the binary image header.[0m
[0;33mW (325) i2c: This driver is an old driver, please migrate your application code to adapt `driver/i2c_master.h`[0m
[0;33mW (335) ADC: legacy driver is deprecated, please migrate to `esp_adc/adc_oneshot.h`[0m
[0;32mI (344) main_task: Started on CPU0[0m
[0;32mI (354) main_task: Calling app_main()[0m
[0;32mI (354) MPU6050: MPU6050 initialized successfully[0m
[0;32mI (354) LEDC: LEDC initialized successfully[0m
[0;33mW (354) DIRECTION: MISMATCH: POT=RIGHT (95), MPU=STRAIGHT (0)[0m
[0;33mW (464) DIRECTION: MISMATCH: POT=RIGHT (96), MPU=STRAIGHT (0)[0m
[0;33mW (564) DIRECTION: MISMATCH: POT=RIGHT (95), MPU=STRAIGHT (0)[0m
[0;33mW (664) DIRECTION: MISMATCH: POT=RIGHT (95), MPU=STRAIGHT (0)[0m
Guru Meditation Error: Core  0 panic'ed (IntegerDivideByZero). Exception was unhandled.

Core  0 register dump:
PC      : 0x4000d099  PS      : 0x00060630  A0      : 0x800da058  A1      : 0x3ffb3f30  
A2      : 0xc4b40000  A3      : 0x00000004  A4      : 0x00000000  A5      : 0x00000000  
A6      : 0x00000054  A7      : 0x00000000  A8      : 0x00000001  A9      : 0x00000004  
A10     : 0x00000000  A11     : 0xc4b40000  A12     : 0x3ffb3e14  A13     : 0x00000000  
A14     : 0x3ffb3df0  A15     : 0xff000000  SAR     : 0x00000016  EXCCAUSE: 0x00000006  
EXCVADDR: 0x00000000  LBEG    : 0x400014fd  LEND    : 0x4000150d  LCOUNT  : 0xfffffffe  


Backtrace: 0x4000d096:0x3ffb3f30 0x400da055:0x3ffb3f50 0x400daa0d:0x3ffb3f90 0x400d6b74:0x3ffb3fd0 0x400d6cce:0x3ffb3ff0 0x400d6f86:0x3ffb4010 0x400d6624:0x3ffb4060 0x400e9224:0x3ffb4080 0x40087361:0x3ffb40b0




ELF file SHA256: be36f3e66

Rebooting...
ets Jul 29 2019 12:21:46

rst:0xc (SW_CPU_RESET),boot:0x13 (SPI_FAST_FLASH_BOOT)
configsip: 0, SPIWP:0xee
clk_drv:0x00,q_drv:0x00,d_drv:0x00,cs0_drv:0x00,hd_drv:0x00,wp_drv:0x00
mode:DIO, clock div:2
load:0x3fff0030,len:7176
load:0x40078000,len:15564
ho 0 tail 12 room 4
load:0x40080400,len:4
load:0x40080404,len:3904
entry 0x40080640
[0;32mI (31) boot: ESP-IDF v5.3.2-dirty 2nd stage bootloader[0m
[0;32mI (31) boot: compile time Jan 26 2025 10:13:14[0m
[0;32mI (31) boot: Multicore bootloader[0m
[0;32mI (36) boot: chip revision: v3.1[0m
[0;32mI (40) boot.esp32: SPI Speed      : 40MHz[0m
[0;32mI (44) boot.esp32: SPI Mode       : DIO[0m
[0;32mI (49) boot.esp32: SPI Flash Size : 2MB[0m
[0;32mI (53) boot: Enabling RNG early entropy source...[0m
[0;32mI (59) boot: Partition Table:[0m
[0;32mI (62) boot: ## Label            Usage          Type ST Offset   Length[0m
[0;32mI (70) boot:  0 nvs              WiFi data        01 02 00009000 00006000[0m
[0;32mI (77) boot:  1 phy_init         RF data          01 01 0000f000 00001000[0m
[0;32mI (85) boot:  2 factory          factory app      00 00 00010000 00100000[0m
[0;32mI (92) boot: End of partition table[0m
[0;32mI (96) esp_image: segment 0: paddr=00010020 vaddr=3f400020 size=0c198h ( 49560) map[0m
[0;32mI (122) esp_image: segment 1: paddr=0001c1c0 vaddr=3ffb0000 size=023fch (  9212) load[0m
[0;32mI (125) esp_image: segment 2: paddr=0001e5c4 vaddr=40080000 size=01a54h (  6740) load[0m
[0;32mI (130) esp_image: segment 3: paddr=00020020 vaddr=400d0020 size=19af4h (105204) map[0m
[0;32mI (172) esp_image: segment 4: paddr=00039b1c vaddr=40081a54 size=0c8b0h ( 51376) load[0m
[0;32mI (200) boot: Loaded app from partition at offset 0x10000[0m
[0;32mI (200) boot: Disabling RNG early entropy source...[0m
[0;32mI (212) cpu_start: Multicore app[0m
[0;32mI (220) cpu_start: Pro cpu start user code[0m
[0;32mI (220) cpu_start: cpu freq: 160000000 Hz[0m
[0;32mI (220) app_init: Application information:[0m
[0;32mI (223) app_init: Project name:     ADAS_MASTER_ESP[0m
[0;32mI (229) app_init: App version:      1[0m
[0;32mI (233) app_init: Compile time:     Jan 26 2025 10:10:18[0m
[0;32mI (239) app_init: ELF file SHA256:  be36f3e66...[0m
[0;32mI (244) app_init: ESP-IDF:          v5.3.2-dirty[0m
[0;32mI (250) efuse_init: Min chip rev:     v0.0[0m
[0;32mI (255) efuse_init: Max chip rev:     v3.99 [0m
[0;32mI (259) efuse_init: Chip rev:         v3.1[0m
[0;32mI (265) heap_init: Initializing. RAM available for dynamic allocation:[0m
[0;32mI (272) heap_init: At 3FFAE6E0 len 00001920 (6 KiB): DRAM[0m
[0;32mI (278) heap_init: At 3FFB2D90 len 0002D270 (180 KiB): DRAM[0m
[0;32mI (284) heap_init: At 3FFE0440 len 00003AE0 (14 KiB): D/IRAM[0m
[0;32mI (290) heap_init: At 3FFE4350 len 0001BCB0 (111 KiB): D/IRAM[0m
[0;32mI (297) heap_init: At 4008E304 len 00011CFC (71 KiB): IRAM[0m
[0;32mI (304) spi_flash: detected chip: generic[0m
[0;32mI (307) spi_flash: flash io: dio[0m
[0;33mW (311) spi_flash: Detected size(4096k) larger than the size in the binary image header(2048k). Using the size in the binary image header.[0m
[0;33mW (325) i2c: This driver is an old driver, please migrate your application code to adapt `driver/i2c_master.h`[0m
[0;33mW (335) ADC: legacy driver is deprecated, please migrate to `esp_adc/adc_oneshot.h`[0m
[0;32mI (344) main_task: Started on CPU0[0m
[0;32mI (354) main_task: Calling app_main()[0m
[0;32mI (354) MPU6050: MPU6050 initialized successfully[0m
[0;32mI (354) LEDC: LEDC initialized successfully[0m
[0;33mW (354) DIRECTION: MISMATCH: POT=RIGHT (94), MPU=STRAIGHT (0)[0m
[0;33mW (464) DIRECTION: MISMATCH: POT=RIGHT (95), MPU=STRAIGHT (0)[0m
[0;33mW (564) DIRECTION: MISMATCH: POT=RIGHT (96), MPU=STRAIGHT (0)[0m
[0;33mW (664) DIRECTION: MISMATCH: POT=RIGHT (96), MPU=STRAIGHT (0)[0m
Guru Meditation Error: Core  0 panic'ed (IntegerDivideByZero). Exception was unhandled.

Core  0 register dump:
PC      : 0x4000d099  PS      : 0x00060630  A0      : 0x800da058  A1      : 0x3ffb3f30  
A2      : 0xc4b40000  A3      : 0x00000004  A4      : 0x00000000  A5      : 0x00000000  
A6      : 0x00000054  A7      : 0x00000000  A8      : 0x00000001  A9      : 0x00000004  
A10     : 0x00000000  A11     : 0xc4b40000  A12     : 0x3ffb3e14  A13     : 0x00000000  
A14     : 0x3ffb3df0  A15     : 0xff000000  SAR     : 0x00000016  EXCCAUSE: 0x00000006  
EXCVADDR: 0x00000000  LBEG    : 0x400014fd  LEND    : 0x4000150d  LCOUNT  : 0xfffffffe  


Backtrace: 0x4000d096:0x3ffb3f30 0x400da055:0x3ffb3f50 0x400daa0d:0x3ffb3f90 0x400d6b74:0x3ffb3fd0 0x400d6cce:0x3ffb3ff0 0x400d6f86:0x3ffb4010 0x400d6624:0x3ffb4060 0x400e9224:0x3ffb4080 0x40087361:0x3ffb40b0




ELF file SHA256: be36f3e66

Rebooting...
ets Jul 29 2019 12:21:46

rst:0xc (SW_CPU_RESET),boot:0x13 (SPI_FAST_FLASH_BOOT)
configsip: 0, SPIWP:0xee
clk_drv:0x00,q_drv:0x00,d_drv:0x00,cs0_drv:0x00,hd_drv:0x00,wp_drv:0x00
mode:DIO, clock div:2
load:0x3fff0030,len:7176
load:0x40078000,len:15564
ho 0 tail 12 room 4
load:0x40080400,len:4
load:0x40080404,len:3904
entry 0x40080640
[0;32mI (31) boot: ESP-IDF v5.3.2-dirty 2nd stage bootloader[0m
[0;32mI (31) boot: compile time Jan 26 2025 10:13:14[0m
[0;32mI (31) boot: Multicore bootloader[0m
[0;32mI (36) boot: chip revision: v3.1[0m
[0;32mI (40) boot.esp32: SPI Speed      : 40MHz[0m
[0;32mI (44) boot.esp32: SPI Mode       : DIO[0m
[0;32mI (49) boot.esp32: SPI Flash Size : 2MB[0m
[0;32mI (53) boot: Enabling RNG early entropy source...[0m
[0;32mI (59) boot: Partition Table:[0m
[0;32mI (62) boot: ## Label            Usage          Type ST Offset   Length[0m
[0;32mI (70) boot:  0 nvs              WiFi data        01 02 00009000 00006000[0m
[0;32mI (77) boot:  1 phy_init         RF data          01 01 0000f000 00001000[0m
[0;32mI (85) boot:  2 factory          factory app      00 00 00010000 00100000[0m
[0;32mI (92) boot: End of partition table[0m
[0;32mI (96) esp_image: segment 0: paddr=00010020 vaddr=3f400020 size=0c198h ( 49560) map[0m
[0;32mI (122) esp_image: segment 1: paddr=0001c1c0 vaddr=3ffb0000 size=023fch (  9212) load[0m
[0;32mI (125) esp_image: segment 2: paddr=0001e5c4 vaddr=40080000 size=01a54h (  6740) load[0m
[0;32mI (130) esp_image: segment 3: paddr=00020020 vaddr=400d0020 size=19af4h (105204) map[0m
[0;32mI (172) esp_image: segment 4: paddr=00039b1c vaddr=40081a54 size=0c8b0h ( 51376) load[0m
[0;32mI (200) boot: Loaded app from partition at offset 0x10000[0m
[0;32mI (200) boot: Disabling RNG early entropy source...[0m
[0;32mI (212) cpu_start: Multicore app[0m
[0;32mI (220) cpu_start: Pro cpu start user code[0m
[0;32mI (220) cpu_start: cpu freq: 160000000 Hz[0m
[0;32mI (220) app_init: Application information:[0m
[0;32mI (223) app_init: Project name:     ADAS_MASTER_ESP[0m
[0;32mI (229) app_init: App version:      1[0m
[0;32mI (233) app_init: Compile time:     Jan 26 2025 10:10:18[0m
[0;32mI (239) app_init: ELF file SHA256:  be36f3e66...[0m
[0;32mI (244) app_init: ESP-IDF:          v5.3.2-dirty[0m
[0;32mI (250) efuse_init: Min chip rev:     v0.0[0m
[0;32mI (255) efuse_init: Max chip rev:     v3.99 [0m
[0;32mI (259) efuse_init: Chip rev:         v3.1[0m
[0;32mI (265) heap_init: Initializing. RAM available for dynamic allocation:[0m
[0;32mI (272) heap_init: At 3FFAE6E0 len 00001920 (6 KiB): DRAM[0m
[0;32mI (278) heap_init: At 3FFB2D90 len 0002D270 (180 KiB): DRAM[0m
[0;32mI (284) heap_init: At 3FFE0440 len 00003AE0 (14 KiB): D/IRAM[0m
[0;32mI (290) heap_init: At 3FFE4350 len 0001BCB0 (111 KiB): D/IRAM[0m
[0;32mI (297) heap_init: At 4008E304 len 00011CFC (71 KiB): IRAM[0m
[0;32mI (304) spi_flash: detected chip: generic[0m
[0;32mI (307) spi_flash: flash io: dio[0m
[0;33mW (311) spi_flash: Detected size(4096k) larger than the size in the binary image header(2048k). Using the size in the binary image header.[0m
[0;33mW (325) i2c: This driver is an old driver, please migrate your application code to adapt `driver/i2c_master.h`[0m
[0;33mW (335) ADC: legacy driver is deprecated, please migrate to `esp_adc/adc_oneshot.h`[0m
[0;32mI (344) main_task: Started on CPU0[0m
[0;32mI (354) main_task: Calling app_main()[0m
[0;32mI (354) MPU6050: MPU6050 initialized successfully[0m
[0;32mI (354) LEDC: LEDC initialized successfully[0m
[0;33mW (354) DIRECTION: MISMATCH: POT=RIGHT (111), MPU=STRAIGHT (0)[0m
[0;33mW (464) DIRECTION: MISMATCH: POT=RIGHT (120), MPU=STRAIGHT (0)[0m
[0;33mW (564) DIRECTION: MISMATCH: POT=RIGHT (132), MPU=STRAIGHT (0)[0m
[0;33mW (664) DIRECTION: MISMATCH: POT=RIGHT (156), MPU=STRAIGHT (0)[0m
Guru Meditation Error: Core  0 panic'ed (IntegerDivideByZero). Exception was unhandled.

Core  0 register dump:
PC      : 0x4000d099  PS      : 0x00060630  A0      : 0x800da058  A1      : 0x3ffb3f30  
A2      : 0xc4b40000  A3      : 0x00000004  A4      : 0x00000000  A5      : 0x00000000  
A6      : 0x00000054  A7      : 0x00000000  A8      : 0x00000001  A9      : 0x00000004  
A10     : 0x00000000  A11     : 0xc4b40000  A12     : 0x3ffb3e14  A13     : 0x00000000  
A14     : 0x3ffb3df0  A15     : 0xff000000  SAR     : 0x00000016  EXCCAUSE: 0x00000006  
EXCVADDR: 0x00000000  LBEG    : 0x400014fd  LEND    : 0x4000150d  LCOUNT  : 0xfffffffe  


Backtrace: 0x4000d096:0x3ffb3f30 0x400da055:0x3ffb3f50 0x400daa0d:0x3ffb3f90 0x400d6b74:0x3ffb3fd0 0x400d6cce:0x3ffb3ff0 0x400d6f86:0x3ffb4010 0x400d6624:0x3ffb4060 0x400e9224:0x3ffb4080 0x40087361:0x3ffb40b0




ELF file SHA256: be36f3e66

Rebooting...
ets Jul 29 2019 12:21:46

rst:0xc (SW_CPU_RESET),boot:0x13 (SPI_FAST_FLASH_BOOT)
configsip: 0, SPIWP:0xee
clk_drv:0x00,q_drv:0x00,d_drv:0x00,cs0_drv:0x00,hd_drv:0x00,wp_drv:0x00
mode:DIO, clock div:2
load:0x3fff0030,len:7176
load:0x40078000,len:15564
ho 0 tail 12 room 4
load:0x40080400,len:4
load:0x40080404,len:3904
entry 0x40080640
[0;32mI (31) boot: ESP-IDF v5.3.2-dirty 2nd stage bootloader[0m
[0;32mI (31) boot: compile time Jan 26 2025 10:13:14[0m
[0;32mI (31) boot: Multicore bootloader[0m
[0;32mI (36) boot: chip revision: v3.1[0m
[0;32mI (40) boot.esp32: SPI Speed      : 40MHz[0m
[0;32mI (44) boot.esp32: SPI Mode       : DIO[0m
[0;32mI (49) boot.esp32: SPI Flash Size : 2MB[0m
[0;32mI (53) boot: Enabling RNG early entropy source...[0m
[0;32mI (59) boot: Partition Table:[0m
[0;32mI (62) boot: ## Label            Usage          Type ST Offset   Length[0m
[0;32mI (70) boot:  0 nvs              WiFi data        01 02 00009000 00006000[0m
[0;32mI (77) boot:  1 phy_init         RF data          01 01 0000f000 00001000[0m
[0;32mI (85) boot:  2 factory          factory app      00 00 00010000 00100000[0m
[0;32mI (92) boot: End of partition table[0m
[0;32mI (96) esp_image: segment 0: paddr=00010020 vaddr=3f400020 size=0c198h ( 49560) map[0m
[0;32mI (122) esp_image: segment 1: paddr=0001c1c0 vaddr=3ffb0000 size=023fch (  9212) load[0m
[0;32mI (125) esp_image: segment 2: paddr=0001e5c4 vaddr=40080000 size=01a54h (  6740) load[0m
[0;32mI (130) esp_image: segment 3: paddr=00020020 vaddr=400d0020 size=19af4h (105204) map[0m
[0;32mI (172) esp_image: segment 4: paddr=00039b1c vaddr=40081a54 size=0c8b0h ( 51376) load[0m
[0;32mI (200) boot: Loaded app from partition at offset 0x10000[0m
[0;32mI (200) boot: Disabling RNG early entropy source...[0m
[0;32mI (212) cpu_start: Multicore app[0m
[0;32mI (220) cpu_start: Pro cpu start user code[0m
[0;32mI (220) cpu_start: cpu freq: 160000000 Hz[0m
[0;32mI (220) app_init: Application information:[0m
[0;32mI (223) app_init: Project name:     ADAS_MASTER_ESP[0m
[0;32mI (229) app_init: App version:      1[0m
[0;32mI (233) app_init: Compile time:     Jan 26 2025 10:10:18[0m
[0;32mI (239) app_init: ELF file SHA256:  be36f3e66...[0m
[0;32mI (244) app_init: ESP-IDF:          v5.3.2-dirty[0m
[0;32mI (250) efuse_init: Min chip rev:     v0.0[0m
[0;32mI (255) efuse_init: Max chip rev:     v3.99 [0m
[0;32mI (259) efuse_init: Chip rev:         v3.1[0m
[0;32mI (265) heap_init: Initializing. RAM available for dynamic allocation:[0m
[0;32mI (272) heap_init: At 3FFAE6E0 len 00001920 (6 KiB): DRAM[0m
[0;32mI (278) heap_init: At 3FFB2D90 len 0002D270 (180 KiB): DRAM[0m
[0;32mI (284) heap_init: At 3FFE0440 len 00003AE0 (14 KiB): D/IRAM[0m
[0;32mI (290) heap_init: At 3FFE4350 len 0001BCB0 (111 KiB): D/IRAM[0m
[0;32mI (297) heap_init: At 4008E304 len 00011CFC (71 KiB): IRAM[0m
[0;32mI (304) spi_flash: detected chip: generic[0m
[0;32mI (307) spi_flash: flash io: dio[0m
[0;33mW (311) spi_flash: Detected size(4096k) larger than the size in the binary image header(2048k). Using the size in the binary image header.[0m
[0;33mW (325) i2c: This driver is an old driver, please migrate your application code to adapt `driver/i2c_master.h`[0m
[0;33mW (335) ADC: legacy driver is deprecated, please migrate to `esp_adc/adc_oneshot.h`[0m
[0;32mI (344) main_task: Started on CPU0[0m
[0;32mI (354) main_task: Calling app_main()[0m
[0;32mI (354) MPU6050: MPU6050 initialized successfully[0m
[0;32mI (354) LEDC: LEDC initialized successfully[0m
[0;33mW (354) DIRECTION: MISMATCH: POT=RIGHT (179), MPU=STRAIGHT (0)[0m
[0;33mW (464) DIRECTION: MISMATCH: POT=RIGHT (179), MPU=STRAIGHT (0)[0m
[0;33mW (564) DIRECTION: MISMATCH: POT=RIGHT (179), MPU=STRAIGHT (0)[0m
[0;33mW (664) DIRECTION: MISMATCH: POT=RIGHT (179), MPU=STRAIGHT (0)[0m
Guru Meditation Error: Core  0 panic'ed (IntegerDivideByZero). Exception was unhandled.

Core  0 register dump:
PC      : 0x4000d099  PS      : 0x00060630  A0      : 0x800da058  A1      : 0x3ffb3f30  
A2      : 0xc4b40000  A3      : 0x00000004  A4      : 0x00000000  A5      : 0x00000000  
A6      : 0x00000054  A7      : 0x00000000  A8      : 0x00000001  A9      : 0x00000004  
A10     : 0x00000000  A11     : 0xc4b40000  A12     : 0x3ffb3e14  A13     : 0x00000000  
A14     : 0x3ffb3df0  A15     : 0xff000000  SAR     : 0x00000016  EXCCAUSE: 0x00000006  
EXCVADDR: 0x00000000  LBEG    : 0x400014fd  LEND    : 0x4000150d  LCOUNT  : 0xfffffffe  


Backtrace: 0x4000d096:0x3ffb3f30 0x400da055:0x3ffb3f50 0x400daa0d:0x3ffb3f90 0x400d6b74:0x3ffb3fd0 0x400d6cce:0x3ffb3ff0 0x400d6f86:0x3ffb4010 0x400d6624:0x3ffb4060 0x400e9224:0x3ffb4080 0x40087361:0x3ffb40b0




ELF file SHA256: be36f3e66

Rebooting...
ets Jul 29 2019 12:21:46

rst:0xc (SW_CPU_RESET),boot:0x13 (SPI_FAST_FLASH_BOOT)
configsip: 0, SPIWP:0xee
clk_drv:0x00,q_drv:0x00,d_drv:0x00,cs0_drv:0x00,hd_drv:0x00,wp_drv:0x00
mode:DIO, clock div:2
load:0x3fff0030,len:7176
load:0x40078000,len:15564
ho 0 tail 12 room 4
load:0x40080400,len:4
load:0x40080404,len:3904
entry 0x40080640
[0;32mI (31) boot: ESP-IDF v5.3.2-dirty 2nd stage bootloader[0m
[0;32mI (31) boot: compile time Jan 26 2025 10:13:14[0m
[0;32mI (31) boot: Multicore bootloader[0m
[0;32mI (36) boot: chip revision: v3.1[0m
[0;32mI (40) boot.esp32: SPI Speed      : 40MHz[0m
[0;32mI (44) boot.esp32: SPI Mode       : DIO[0m
[0;32mI (49) boot.esp32: SPI Flash Size : 2MB[0m
[0;32mI (53) boot: Enabling RNG early entropy source...[0m
[0;32mI (59) boot: Partition Table:[0m
[0;32mI (62) boot: ## Label            Usage          Type ST Offset   Length[0m
[0;32mI (70) boot:  0 nvs              WiFi data        01 02 00009000 00006000[0m
[0;32mI (77) boot:  1 phy_init         RF data          01 01 0000f000 00001000[0m
[0;32mI (85) boot:  2 factory          factory app      00 00 00010000 00100000[0m
[0;32mI (92) boot: End of partition table[0m
[0;32mI (96) esp_image: segment 0: paddr=00010020 vaddr=3f400020 size=0c198h ( 49560) map[0m
[0;32mI (122) esp_image: segment 1: paddr=0001c1c0 vaddr=3ffb0000 size=023fch (  9212) load[0m
[0;32mI (125) esp_image: segment 2: paddr=0001e5c4 vaddr=40080000 size=01a54h (  6740) load[0m
[0;32mI (130) esp_image: segment 3: paddr=00020020 vaddr=400d0020 size=19af4h (105204) map[0m
[0;32mI (172) esp_image: segment 4: paddr=00039b1c vaddr=40081a54 size=0c8b0h ( 51376) load[0m
[0;32mI (200) boot: Loaded app from partition at offset 0x10000[0m
[0;32mI (200) boot: Disabling RNG early entropy source...[0m
[0;32mI (212) cpu_start: Multicore app[0m
[0;32mI (220) cpu_start: Pro cpu start user code[0m
[0;32mI (220) cpu_start: cpu freq: 160000000 Hz[0m
[0;32mI (220) app_init: Application information:[0m
[0;32mI (223) app_init: Project name:     ADAS_MASTER_ESP[0m
[0;32mI (229) app_init: App version:      1[0m
[0;32mI (233) app_init: Compile time:     Jan 26 2025 10:10:18[0m
[0;32mI (239) app_init: ELF file SHA256:  be36f3e66...[0m
[0;32mI (244) app_init: ESP-IDF:          v5.3.2-dirty[0m
[0;32mI (250) efuse_init: Min chip rev:     v0.0[0m
[0;32mI (255) efuse_init: Max chip rev:     v3.99 [0m
[0;32mI (259) efuse_init: Chip rev:         v3.1[0m
[0;32mI (265) heap_init: Initializing. RAM available for dynamic allocation:[0m
[0;32mI (272) heap_init: At 3FFAE6E0 len 00001920 (6 KiB): DRAM[0m
[0;32mI (278) heap_init: At 3FFB2D90 len 0002D270 (180 KiB): DRAM[0m
[0;32mI (284) heap_init: At 3FFE0440 len 00003AE0 (14 KiB): D/IRAM[0m
[0;32mI (290) heap_init: At 3FFE4350 len 0001BCB0 (111 KiB): D/IRAM[0m
[0;32mI (297) heap_init: At 4008E304 len 00011CFC (71 KiB): IRAM[0m
[0;32mI (304) spi_flash: detected chip: generic[0m
[0;32mI (307) spi_flash: flash io: dio[0m
[0;33mW (311) spi_flash: Detected size(4096k) larger than the size in the binary image header(2048k). Using the size in the binary image header.[0m
[0;33mW (325) i2c: This driver is an old driver, please migrate your application code to adapt `driver/i2c_master.h`[0m
[0;33mW (335) ADC: legacy driver is deprecated, please migrate to `esp_adc/adc_oneshot.h`[0m
[0;32mI (344) main_task: Started on CPU0[0m
[0;32mI (354) main_task: Calling app_main()[0m
[0;32mI (354) MPU6050: MPU6050 initialized successfully[0m
[0;32mI (354) LEDC: LEDC initialized successfully[0m
[0;33mW (354) DIRECTION: MISMATCH: POT=RIGHT (115), MPU=STRAIGHT (0)[0m
[0;32mI (464) DIRECTION: MATCH: STRAIGHT (Pot: 46, MPU: 0)[0m
[0;32mI (564) DIRECTION: MATCH: STRAIGHT (Pot: 47, MPU: 0)[0m
[0;32mI (664) DIRECTION: MATCH: STRAIGHT (Pot: 35, MPU: 0)[0m
[0;32mI (764) DIRECTION: MATCH: STRAIGHT (Pot: 37, MPU: 0)[0m
[0;32mI (864) DIRECTION: MATCH: STRAIGHT (Pot: 28, MPU: 0)[0m
[0;32mI (964) DIRECTION: MATCH: STRAIGHT (Pot: 16, MPU: 0)[0m
[0;32mI (1064) DIRECTION: MATCH: STRAIGHT (Pot: 9, MPU: 0)[0m
[0;32mI (1164) DIRECTION: MATCH: STRAIGHT (Pot: 3, MPU: 0)[0m
[0;32mI (1264) DIRECTION: MATCH: STRAIGHT (Pot: -2, MPU: 0)[0m
[0;32mI (1364) DIRECTION: MATCH: STRAIGHT (Pot: 11, MPU: 0)[0m
[0;32mI (1464) DIRECTION: MATCH: STRAIGHT (Pot: 35, MPU: 0)[0m
[0;32mI (1564) DIRECTION: MATCH: STRAIGHT (Pot: 39, MPU: 0)[0m
[0;32mI (1664) DIRECTION: MATCH: STRAIGHT (Pot: 34, MPU: 0)[0m
[0;32mI (1764) DIRECTION: MATCH: STRAIGHT (Pot: 29, MPU: 0)[0m
[0;32mI (1864) DIRECTION: MATCH: STRAIGHT (Pot: 28, MPU: 0)[0m
[0;32mI (1964) DIRECTION: MATCH: STRAIGHT (Pot: 28, MPU: 0)[0m
[0;32mI (2064) DIRECTION: MATCH: STRAIGHT (Pot: 28, MPU: 0)[0m
[0;32mI (2164) DIRECTION: MATCH: STRAIGHT (Pot: 29, MPU: 0)[0m
[0;32mI (2264) DIRECTION: MATCH: STRAIGHT (Pot: 29, MPU: 0)[0m
[0;32mI (2364) DIRECTION: MATCH: STRAIGHT (Pot: -16, MPU: 0)[0m
[0;32mI (2464) DIRECTION: MATCH: STRAIGHT (Pot: -9, MPU: 0)[0m
[0;32mI (2564) DIRECTION: MATCH: STRAIGHT (Pot: 0, MPU: 0)[0m
[0;32mI (2664) DIRECTION: MATCH: STRAIGHT (Pot: 12, MPU: 0)[0m
[0;32mI (2764) DIRECTION: MATCH: STRAIGHT (Pot: 28, MPU: 0)[0m
[0;32mI (2864) DIRECTION: MATCH: STRAIGHT (Pot: 44, MPU: 0)[0m
[0;32mI (2964) DIRECTION: MATCH: STRAIGHT (Pot: 58, MPU: 0)[0m
[0;33mW (3064) DIRECTION: MISMATCH: POT=RIGHT (70), MPU=STRAIGHT (0)[0m
Guru Meditation Error: Core  0 panic'ed (IntegerDivideByZero). Exception was unhandled.

Core  0 register dump:
PC      : 0x4000d099  PS      : 0x00060630  A0      : 0x800da058  A1      : 0x3ffb3f30  
A2      : 0xc4b40000  A3      : 0x00000004  A4      : 0x00000000  A5      : 0x00000000  
A6      : 0x00000054  A7      : 0x00000000  A8      : 0x00000001  A9      : 0x00000004  
A10     : 0x00000000  A11     : 0xc4b40000  A12     : 0x3ffb3e14  A13     : 0x00000000  
A14     : 0x3ffb3df0  A15     : 0xff000000  SAR     : 0x00000016  EXCCAUSE: 0x00000006  
EXCVADDR: 0x00000000  LBEG    : 0x400014fd  LEND    : 0x4000150d  LCOUNT  : 0xfffffffe  


Backtrace: 0x4000d096:0x3ffb3f30 0x400da055:0x3ffb3f50 0x400daa0d:0x3ffb3f90 0x400d6b74:0x3ffb3fd0 0x400d6cce:0x3ffb3ff0 0x400d6f86:0x3ffb4010 0x400d6624:0x3ffb4060 0x400e9224:0x3ffb4080 0x40087361:0x3ffb40b0




ELF file SHA256: be36f3e66

Rebooting...
ets Jul 29 2019 12:21:46

rst:0xc (SW_CPU_RESET),boot:0x13 (SPI_FAST_FLASH_BOOT)
configsip: 0, SPIWP:0xee
clk_drv:0x00,q_drv:0x00,d_drv:0x00,cs0_drv:0x00,hd_drv:0x00,wp_drv:0x00
mode:DIO, clock div:2
load:0x3fff0030,len:7176
load:0x40078000,len:15564
ho 0 tail 12 room 4
load:0x40080400,len:4
load:0x40080404,len:3904
entry 0x40080640
[0;32mI (31) boot: ESP-IDF v5.3.2-dirty 2nd stage bootloader[0m
[0;32mI (31) boot: compile time Jan 26 2025 10:13:14[0m
[0;32mI (31) boot: Multicore bootloader[0m
[0;32mI (36) boot: chip revision: v3.1[0m
[0;32mI (40) boot.esp32: SPI Speed      : 40MHz[0m
[0;32mI (44) boot.esp32: SPI Mode       : DIO[0m
[0;32mI (49) boot.esp32: SPI Flash Size : 2MB[0m
[0;32mI (53) boot: Enabling RNG early entropy source...[0m
[0;32mI (59) boot: Partition Table:[0m
[0;32mI (62) boot: ## Label            Usage          Type ST Offset   Length[0m
[0;32mI (70) boot:  0 nvs              WiFi data        01 02 00009000 00006000[0m
[0;32mI (77) boot:  1 phy_init         RF data          01 01 0000f000 00001000[0m
[0;32mI (85) boot:  2 factory          factory app      00 00 00010000 00100000[0m
[0;32mI (92) boot: End of partition table[0m
[0;32mI (96) esp_image: segment 0: paddr=00010020 vaddr=3f400020 size=0c198h ( 49560) map[0m
[0;32mI (122) esp_image: segment 1: paddr=0001c1c0 vaddr=3ffb0000 size=023fch (  9212) load[0m
[0;32mI (125) esp_image: segment 2: paddr=0001e5c4 vaddr=40080000 size=01a54h (  6740) load[0m
[0;32mI (130) esp_image: segment 3: paddr=00020020 vaddr=400d0020 size=19af4h (105204) map[0m
[0;32mI (172) esp_image: segment 4: paddr=00039b1c vaddr=40081a54 size=0c8b0h ( 51376) load[0m
[0;32mI (200) boot: Loaded app from partition at offset 0x10000[0m
[0;32mI (200) boot: Disabling RNG early entropy source...[0m
[0;32mI (212) cpu_start: Multicore app[0m
[0;32mI (220) cpu_start: Pro cpu start user code[0m
[0;32mI (220) cpu_start: cpu freq: 160000000 Hz[0m
[0;32mI (220) app_init: Application information:[0m
[0;32mI (223) app_init: Project name:     ADAS_MASTER_ESP[0m
[0;32mI (229) app_init: App version:      1[0m
[0;32mI (233) app_init: Compile time:     Jan 26 2025 10:10:18[0m
[0;32mI (239) app_init: ELF file SHA256:  be36f3e66...[0m
[0;32mI (244) app_init: ESP-IDF:          v5.3.2-dirty[0m
[0;32mI (250) efuse_init: Min chip rev:     v0.0[0m
[0;32mI (255) efuse_init: Max chip rev:     v3.99 [0m
[0;32mI (259) efuse_init: Chip rev:         v3.1[0m
[0;32mI (265) heap_init: Initializing. RAM available for dynamic allocation:[0m
[0;32mI (272) heap_init: At 3FFAE6E0 len 00001920 (6 KiB): DRAM[0m
[0;32mI (278) heap_init: At 3FFB2D90 len 0002D270 (180 KiB): DRAM[0m
[0;32mI (284) heap_init: At 3FFE0440 len 00003AE0 (14 KiB): D/IRAM[0m
[0;32mI (290) heap_init: At 3FFE4350 len 0001BCB0 (111 KiB): D/IRAM[0m
[0;32mI (297) heap_init: At 4008E304 len 00011CFC (71 KiB): IRAM[0m
[0;32mI (304) spi_flash: detected chip: generic[0m
[0;32mI (307) spi_flash: flash io: dio[0m
[0;33mW (311) spi_flash: Detected size(4096k) larger than the size in the binary image header(2048k). Using the size in the binary image header.[0m
[0;33mW (325) i2c: This driver is an old driver, please migrate your application code to adapt `driver/i2c_master.h`[0m
[0;33mW (335) ADC: legacy driver is deprecated, please migrate to `esp_adc/adc_oneshot.h`[0m
[0;32mI (344) main_task: Started on CPU0[0m
[0;32mI (354) main_task: Calling app_main()[0m
[0;32mI (354) MPU6050: MPU6050 initialized successfully[0m
[0;32mI (354) LEDC: LEDC initialized successfully[0m
[0;33mW (354) DIRECTION: MISMATCH: POT=RIGHT (172), MPU=STRAIGHT (0)[0m
[0;33mW (464) DIRECTION: MISMATCH: POT=RIGHT (87), MPU=STRAIGHT (0)[0m
[0;33mW (564) DIRECTION: MISMATCH: POT=RIGHT (88), MPU=STRAIGHT (0)[0m
[0;33mW (664) DIRECTION: MISMATCH: POT=RIGHT (85), MPU=STRAIGHT (0)[0m
Guru Meditation Error: Core  0 panic'ed (IntegerDivideByZero). Exception was unhandled.

Core  0 register dump:
PC      : 0x4000d099  PS      : 0x00060630  A0      : 0x800da058  A1      : 0x3ffb3f30  
A2      : 0xc4b40000  A3      : 0x00000004  A4      : 0x00000000  A5      : 0x00000000  
A6      : 0x00000054  A7      : 0x00000000  A8      : 0x00000001  A9      : 0x00000004  
A10     : 0x00000000  A11     : 0xc4b40000  A12     : 0x3ffb3e14  A13     : 0x00000000  
A14     : 0x3ffb3df0  A15     : 0xff000000  SAR     : 0x00000016  EXCCAUSE: 0x00000006  
EXCVADDR: 0x00000000  LBEG    : 0x400014fd  LEND    : 0x4000150d  LCOUNT  : 0xfffffffe  


Backtrace: 0x4000d096:0x3ffb3f30 0x400da055:0x3ffb3f50 0x400daa0d:0x3ffb3f90 0x400d6b74:0x3ffb3fd0 0x400d6cce:0x3ffb3ff0 0x400d6f86:0x3ffb4010 0x400d6624:0x3ffb4060 0x400e9224:0x3ffb4080 0x40087361:0x3ffb40b0




ELF file SHA256: be36f3e66

Rebooting...
ets Jul 29 2019 12:21:46

rst:0xc (SW_CPU_RESET),boot:0x13 (SPI_FAST_FLASH_BOOT)
configsip: 0, SPIWP:0xee
clk_drv:0x00,q_drv:0x00,d_drv:0x00,cs0_drv:0x00,hd_drv:0x00,wp_drv:0x00
mode:DIO, clock div:2
load:0x3fff0030,len:7176
load:0x40078000,len:15564
ho 0 tail 12 room 4
load:0x40080400,len:4
load:0x40080404,len:3904
entry 0x40080640
[0;32mI (31) boot: ESP-IDF v5.3.2-dirty 2nd stage bootloader[0m
[0;32mI (31) boot: compile time Jan 26 2025 10:13:14[0m
[0;32mI (31) boot: Multicore bootloader[0m
[0;32mI (36) boot: chip revision: v3.1[0m
[0;32mI (40) boot.esp32: SPI Speed      : 40MHz[0m
[0;32mI (44) boot.esp32: SPI Mode       : DIO[0m
[0;32mI (49) boot.esp32: SPI Flash Size : 2MB[0m
[0;32mI (53) boot: Enabling RNG early entropy source...[0m
[0;32mI (59) boot: Partition Table:[0m
[0;32mI (62) boot: ## Label            Usage          Type ST Offset   Length[0m
[0;32mI (70) boot:  0 nvs              WiFi data        01 02 00009000 00006000[0m
[0;32mI (77) boot:  1 phy_init         RF data          01 01 0000f000 00001000[0m
[0;32mI (85) boot:  2 factory          factory app      00 00 00010000 00100000[0m
[0;32mI (92) boot: End of partition table[0m
[0;32mI (96) esp_image: segment 0: paddr=00010020 vaddr=3f400020 size=0c198h ( 49560) map[0m
[0;32mI (122) esp_image: segment 1: paddr=0001c1c0 vaddr=3ffb0000 size=023fch (  9212) load[0m
[0;32mI (125) esp_image: segment 2: paddr=0001e5c4 vaddr=40080000 size=01a54h (  6740) load[0m
[0;32mI (130) esp_image: segment 3: paddr=00020020 vaddr=400d0020 size=19af4h (105204) map[0m
[0;32mI (172) esp_image: segment 4: paddr=00039b1c vaddr=40081a54 size=0c8b0h ( 51376) load[0m
[0;32mI (200) boot: Loaded app from partition at offset 0x10000[0m
[0;32mI (200) boot: Disabling RNG early entropy source...[0m
[0;32mI (212) cpu_start: Multicore app[0m
[0;32mI (220) cpu_start: Pro cpu start user code[0m
[0;32mI (220) cpu_start: cpu freq: 160000000 Hz[0m
[0;32mI (220) app_init: Application information:[0m
[0;32mI (223) app_init: Project name:     ADAS_MASTER_ESP[0m
[0;32mI (229) app_init: App version:      1[0m
[0;32mI (233) app_init: Compile time:     Jan 26 2025 10:10:18[0m
[0;32mI (239) app_init: ELF file SHA256:  be36f3e66...[0m
[0;32mI (244) app_init: ESP-IDF:          v5.3.2-dirty[0m
[0;32mI (250) efuse_init: Min chip rev:     v0.0[0m
[0;32mI (255) efuse_init: Max chip rev:     v3.99 [0m
[0;32mI (259) efuse_init: Chip rev:         v3.1[0m
[0;32mI (265) heap_init: Initializing. RAM available for dynamic allocation:[0m
[0;32mI (272) heap_init: At 3FFAE6E0 len 00001920 (6 KiB): DRAM[0m
[0;32mI (278) heap_init: At 3FFB2D90 len 0002D270 (180 KiB): DRAM[0m
[0;32mI (284) heap_init: At 3FFE0440 len 00003AE0 (14 KiB): D/IRAM[0m
[0;32mI (290) heap_init: At 3FFE4350 len 0001BCB0 (111 KiB): D/IRAM[0m
[0;32mI (297) heap_init: At 4008E304 len 00011CFC (71 KiB): IRAM[0m
[0;32mI (304) spi_flash: detected chip: generic[0m
[0;32mI (307) spi_flash: flash io: dio[0m
[0;33mW (311) spi_flash: Detected size(4096k) larger than the size in the binary image header(2048k). Using the size in the binary image header.[0m
[0;33mW (325) i2c: This driver is an old driver, please migrate your application code to adapt `driver/i2c_master.h`[0m
[0;33mW (335) ADC: legacy driver is deprecated, please migrate to `esp_adc/adc_oneshot.h`[0m
[0;32mI (344) main_task: Started on CPU0[0m
[0;32mI (354) main_task: Calling app_main()[0m
[0;32mI (354) MPU6050: MPU6050 initialized successfully[0m
[0;32mI (354) LEDC: LEDC initialized successfully[0m
[0;33mW (354) DIRECTION: MISMATCH: POT=RIGHT (168), MPU=STRAIGHT (0)[0m
[0;33mW (464) DIRECTION: MISMATCH: POT=RIGHT (167), MPU=STRAIGHT (0)[0m
[0;33mW (564) DIRECTION: MISMATCH: POT=RIGHT (179), MPU=STRAIGHT (0)[0m
[0;33mW (664) DIRECTION: MISMATCH: POT=RIGHT (177), MPU=STRAIGHT (0)[0m
Guru Meditation Error: Core  0 panic'ed (IntegerDivideByZero). Exception was unhandled.

Core  0 register dump:
PC      : 0x4000d099  PS      : 0x00060630  A0      : 0x800da058  A1      : 0x3ffb3f30  
A2      : 0xc4b40000  A3      : 0x00000004  A4      : 0x00000000  A5      : 0x00000000  
A6      : 0x00000054  A7      : 0x00000000  A8      : 0x00000001  A9      : 0x00000004  
A10     : 0x00000000  A11     : 0xc4b40000  A12     : 0x3ffb3e14  A13     : 0x00000000  
A14     : 0x3ffb3df0  A15     : 0xff000000  SAR     : 0x00000016  EXCCAUSE: 0x00000006  
EXCVADDR: 0x00000000  LBEG    : 0x400014fd  LEND    : 0x4000150d  LCOUNT  : 0xfffffffe  


Backtrace: 0x4000d096:0x3ffb3f30 0x400da055:0x3ffb3f50 0x400daa0d:0x3ffb3f90 0x400d6b74:0x3ffb3fd0 0x400d6cce:0x3ffb3ff0 0x400d6f86:0x3ffb4010 0x400d6624:0x3ffb4060 0x400e9224:0x3ffb4080 0x40087361:0x3ffb40b0




ELF file SHA256: be36f3e66

Rebooting...
ets Jul 29 2019 12:21:46

rst:0xc (SW_CPU_RESET),boot:0x13 (SPI_FAST_FLASH_BOOT)
configsip: 0, SPIWP:0xee
clk_drv:0x00,q_drv:0x00,d_drv:0x00,cs0_drv:0x00,hd_drv:0x00,wp_drv:0x00
mode:DIO, clock div:2
load:0x3fff0030,len:7176
load:0x40078000,len:15564
ho 0 tail 12 room 4
load:0x40080400,len:4
load:0x40080404,len:3904
entry 0x40080640
[0;32mI (31) boot: ESP-IDF v5.3.2-dirty 2nd stage bootloader[0m
[0;32mI (31) boot: compile time Jan 26 2025 10:13:14[0m
[0;32mI (31) boot: Multicore bootloader[0m
[0;32mI (36) boot: chip revision: v3.1[0m
[0;32mI (40) boot.esp32: SPI Speed      : 40MHz[0m
[0;32mI (44) boot.esp32: SPI Mode       : DIO[0m
[0;32mI (49) boot.esp32: SPI Flash Size : 2MB[0m
[0;32mI (53) boot: Enabling RNG early entropy source...[0m
[0;32mI (59) boot: Partition Table:[0m
[0;32mI (62) boot: ## Label            Usage          Type ST Offset   Length[0m
[0;32mI (70) boot:  0 nvs              WiFi data        01 02 00009000 00006000[0m
[0;32mI (77) boot:  1 phy_init         RF data          01 01 0000f000 00001000[0m
[0;32mI (85) boot:  2 factory          factory app      00 00 00010000 00100000[0m
[0;32mI (92) boot: End of partition table[0m
[0;32mI (96) esp_image: segment 0: paddr=00010020 vaddr=3f400020 size=0c198h ( 49560) map[0m
[0;32mI (122) esp_image: segment 1: paddr=0001c1c0 vaddr=3ffb0000 size=023fch (  9212) load[0m
[0;32mI (125) esp_image: segment 2: paddr=0001e5c4 vaddr=40080000 size=01a54h (  6740) load[0m
[0;32mI (130) esp_image: segment 3: paddr=00020020 vaddr=400d0020 size=19af4h (105204) map[0m
[0;32mI (172) esp_image: segment 4: paddr=00039b1c vaddr=40081a54 size=0c8b0h ( 51376) load[0m
[0;32mI (200) boot: Loaded app from partition at offset 0x10000[0m
[0;32mI (200) boot: Disabling RNG early entropy source...[0m
[0;32mI (212) cpu_start: Multicore app[0m
[0;32mI (220) cpu_start: Pro cpu start user code[0m
[0;32mI (220) cpu_start: cpu freq: 160000000 Hz[0m
[0;32mI (220) app_init: Application information:[0m
[0;32mI (223) app_init: Project name:     ADAS_MASTER_ESP[0m
[0;32mI (229) app_init: App version:      1[0m
[0;32mI (233) app_init: Compile time:     Jan 26 2025 10:10:18[0m
[0;32mI (239) app_init: ELF file SHA256:  be36f3e66...[0m
[0;32mI (244) app_init: ESP-IDF:          v5.3.2-dirty[0m
[0;32mI (250) efuse_init: Min chip rev:     v0.0[0m
[0;32mI (255) efuse_init: Max chip rev:     v3.99 [0m
[0;32mI (259) efuse_init: Chip rev:         v3.1[0m
[0;32mI (265) heap_init: Initializing. RAM available for dynamic allocation:[0m
[0;32mI (272) heap_init: At 3FFAE6E0 len 00001920 (6 KiB): DRAM[0m
[0;32mI (278) heap_init: At 3FFB2D90 len 0002D270 (180 KiB): DRAM[0m
[0;32mI (284) heap_init: At 3FFE0440 len 00003AE0 (14 KiB): D/IRAM[0m
[0;32mI (290) heap_init: At 3FFE4350 len 0001BCB0 (111 KiB): D/IRAM[0m
[0;32mI (297) heap_init: At 4008E304 len 00011CFC (71 KiB): IRAM[0m
[0;32mI (304) spi_flash: detected chip: generic[0m
[0;32mI (307) spi_flash: flash io: dio[0m
[0;33mW (311) spi_flash: Detected size(4096k) larger than the size in the binary image header(2048k). Using the size in the binary image header.[0m
[0;33mW (325) i2c: This driver is an old driver, please migrate your application code to adapt `driver/i2c_master.h`[0m
[0;33mW (335) ADC: legacy driver is deprecated, please migrate to `esp_adc/adc_oneshot.h`[0m
[0;32mI (344) main_task: Started on CPU0[0m
[0;32mI (354) main_task: Calling app_main()[0m
[0;32mI (354) MPU6050: MPU6050 initialized successfully[0m
[0;32mI (354) LEDC: LEDC initialized successfully[0m
[0;33mW (354) DIRECTION: MISMATCH: POT=RIGHT (89), MPU=STRAIGHT (0)[0m
[0;33mW (464) DIRECTION: MISMATCH: POT=RIGHT (73), MPU=STRAIGHT (0)[0m
[0;32mI (564) DIRECTION: MATCH: STRAIGHT (Pot: 59, MPU: 0)[0m
[0;32mI (664) DIRECTION: MATCH: STRAIGHT (Pot: 54, MPU: 0)[0m
[0;32mI (764) DIRECTION: MATCH: STRAIGHT (Pot: 52, MPU: 0)[0m
[0;32mI (864) DIRECTION: MATCH: STRAIGHT (Pot: 52, MPU: 0)[0m
[0;32mI (964) DIRECTION: MATCH: STRAIGHT (Pot: 53, MPU: 0)[0m
[0;32mI (1064) DIRECTION: MATCH: STRAIGHT (Pot: 52, MPU: 0)[0m
[0;32mI (1164) DIRECTION: MATCH: STRAIGHT (Pot: 53, MPU: 0)[0m
[0;32mI (1264) DIRECTION: MATCH: STRAIGHT (Pot: 55, MPU: 0)[0m
[0;32mI (1364) DIRECTION: MATCH: STRAIGHT (Pot: 59, MPU: 0)[0m
[0;33mW (1464) DIRECTION: MISMATCH: POT=RIGHT (61), MPU=STRAIGHT (0)[0m
Guru Meditation Error: Core  0 panic'ed (IntegerDivideByZero). Exception was unhandled.

Core  0 register dump:
PC      : 0x4000d099  PS      : 0x00060630  A0      : 0x800da058  A1      : 0x3ffb3f30  
A2      : 0xc4b40000  A3      : 0x00000004  A4      : 0x00000000  A5      : 0x00000000  
A6      : 0x00000054  A7      : 0x00000000  A8      : 0x00000001  A9      : 0x00000004  
A10     : 0x00000000  A11     : 0xc4b40000  A12     : 0x3ffb3e14  A13     : 0x00000000  
A14     : 0x3ffb3df0  A15     : 0xff000000  SAR     : 0x00000016  EXCCAUSE: 0x00000006  
EXCVADDR: 0x00000000  LBEG    : 0x400014fd  LEND    : 0x4000150d  LCOUNT  : 0xfffffffe  


Backtrace: 0x4000d096:0x3ffb3f30 0x400da055:0x3ffb3f50 0x400daa0d:0x3ffb3f90 0x400d6b74:0x3ffb3fd0 0x400d6cce:0x3ffb3ff0 0x400d6f86:0x3ffb4010 0x400d6624:0x3ffb4060 0x400e9224:0x3ffb4080 0x40087361:0x3ffb40b0




ELF file SHA256: be36f3e66

Rebooting...
ets Jul 29 2019 12:21:46

rst:0xc (SW_CPU_RESET),boot:0x13 (SPI_FAST_FLASH_BOOT)
configsip: 0, SPIWP:0xee
clk_drv:0x00,q_drv:0x00,d_drv:0x00,cs0_drv:0x00,hd_drv:0x00,wp_drv:0x00
mode:DIO, clock div:2
load:0x3fff0030,len:7176
load:0x40078000,len:15564
ho 0 tail 12 room 4
load:0x40080400,len:4
load:0x40080404,len:3904
entry 0x40080640
[0;32mI (31) boot: ESP-IDF v5.3.2-dirty 2nd stage bootloader[0m
[0;32mI (31) boot: compile time Jan 26 2025 10:13:14[0m
[0;32mI (31) boot: Multicore bootloader[0m
[0;32mI (36) boot: chip revision: v3.1[0m
[0;32mI (40) boot.esp32: SPI Speed      : 40MHz[0m
[0;32mI (44) boot.esp32: SPI Mode       : DIO[0m
[0;32mI (49) boot.esp32: SPI Flash Size : 2MB[0m
[0;32mI (53) boot: Enabling RNG early entropy source...[0m
[0;32mI (59) boot: Partition Table:[0m
[0;32mI (62) boot: ## Label            Usage          Type ST Offset   Length[0m
[0;32mI (70) boot:  0 nvs              WiFi data        01 02 00009000 00006000[0m
[0;32mI (77) boot:  1 phy_init         RF data          01 01 0000f000 00001000[0m
[0;32mI (85) boot:  2 factory          factory app      00 00 00010000 00100000[0m
[0;32mI (92) boot: End of partition table[0m
[0;32mI (96) esp_image: segment 0: paddr=00010020 vaddr=3f400020 size=0c198h ( 49560) map[0m
[0;32mI (122) esp_image: segment 1: paddr=0001c1c0 vaddr=3ffb0000 size=023fch (  9212) load[0m
[0;32mI (125) esp_image: segment 2: paddr=0001e5c4 vaddr=40080000 size=01a54h (  6740) load[0m
[0;32mI (130) esp_image: segment 3: paddr=00020020 vaddr=400d0020 size=19af4h (105204) map[0m
[0;32mI (172) esp_image: segment 4: paddr=00039b1c vaddr=40081a54 size=0c8b0h ( 51376) load[0m
[0;32mI (200) boot: Loaded app from partition at offset 0x10000[0m
[0;32mI (200) boot: Disabling RNG early entropy source...[0m
[0;32mI (212) cpu_start: Multicore app[0m
[0;32mI (220) cpu_start: Pro cpu start user code[0m
[0;32mI (220) cpu_start: cpu freq: 160000000 Hz[0m
[0;32mI (220) app_init: Application information:[0m
[0;32mI (223) app_init: Project name:     ADAS_MASTER_ESP[0m
[0;32mI (229) app_init: App version:      1[0m
[0;32mI (233) app_init: Compile time:     Jan 26 2025 10:10:18[0m
[0;32mI (239) app_init: ELF file SHA256:  be36f3e66...[0m
[0;32mI (244) app_init: ESP-IDF:          v5.3.2-dirty[0m
[0;32mI (250) efuse_init: Min chip rev:     v0.0[0m
[0;32mI (255) efuse_init: Max chip rev:     v3.99 [0m
[0;32mI (259) efuse_init: Chip rev:         v3.1[0m
[0;32mI (265) heap_init: Initializing. RAM available for dynamic allocation:[0m
[0;32mI (272) heap_init: At 3FFAE6E0 len 00001920 (6 KiB): DRAM[0m
[0;32mI (278) heap_init: At 3FFB2D90 len 0002D270 (180 KiB): DRAM[0m
[0;32mI (284) heap_init: At 3FFE0440 len 00003AE0 (14 KiB): D/IRAM[0m
[0;32mI (290) heap_init: At 3FFE4350 len 0001BCB0 (111 KiB): D/IRAM[0m
[0;32mI (297) heap_init: At 4008E304 len 00011CFC (71 KiB): IRAM[0m
[0;32mI (304) spi_flash: detected chip: generic[0m
[0;32mI (307) spi_flash: flash io: dio[0m
[0;33mW (311) spi_flash: Detected size(4096k) larger than the size in the binary image header(2048k). Using the size in the binary image header.[0m
[0;33mW (325) i2c: This driver is an old driver, please migrate your application code to adapt `driver/i2c_master.h`[0m
[0;33mW (335) ADC: legacy driver is deprecated, please migrate to `esp_adc/adc_oneshot.h`[0m
[0;32mI (344) main_task: Started on CPU0[0m
[0;32mI (354) main_task: Calling app_main()[0m
[0;32mI (354) MPU6050: MPU6050 initialized successfully[0m
[0;32mI (354) LEDC: LEDC initialized successfully[0m
[0;33mW (354) DIRECTION: MISMATCH: POT=RIGHT (77), MPU=STRAIGHT (0)[0m
[0;33mW (464) DIRECTION: MISMATCH: POT=RIGHT (84), MPU=STRAIGHT (0)[0m
[0;33mW (564) DIRECTION: MISMATCH: POT=RIGHT (89), MPU=STRAIGHT (0)[0m
[0;33mW (664) DIRECTION: MISMATCH: POT=RIGHT (92), MPU=STRAIGHT (0)[0m
Guru Meditation Error: Core  0 panic'ed (IntegerDivideByZero). Exception was unhandled.

Core  0 register dump:
PC      : 0x4000d099  PS      : 0x00060630  A0      : 0x800da058  A1      : 0x3ffb3f30  
A2      : 0xc4b40000  A3      : 0x00000004  A4      : 0x00000000  A5      : 0x00000000  
A6      : 0x00000054  A7      : 0x00000000  A8      : 0x00000001  A9      : 0x00000004  
A10     : 0x00000000  A11     : 0xc4b40000  A12     : 0x3ffb3e14  A13     : 0x00000000  
A14     : 0x3ffb3df0  A15     : 0xff000000  SAR     : 0x00000016  EXCCAUSE: 0x00000006  
EXCVADDR: 0x00000000  LBEG    : 0x400014fd  LEND    : 0x4000150d  LCOUNT  : 0xfffffffe  


Backtrace: 0x4000d096:0x3ffb3f30 0x400da055:0x3ffb3f50 0x400daa0d:0x3ffb3f90 0x400d6b74:0x3ffb3fd0 0x400d6cce:0x3ffb3ff0 0x400d6f86:0x3ffb4010 0x400d6624:0x3ffb4060 0x400e9224:0x3ffb4080 0x40087361:0x3ffb40b0




ELF file SHA256: be36f3e66

Rebooting...
ets Jul 29 2019 12:21:46

rst:0xc (SW_CPU_RESET),boot:0x13 (SPI_FAST_FLASH_BOOT)
configsip: 0, SPIWP:0xee
clk_drv:0x00,q_drv:0x00,d_drv:0x00,cs0_drv:0x00,hd_drv:0x00,wp_drv:0x00
mode:DIO, clock div:2
load:0x3fff0030,len:7176
load:0x40078000,len:15564
ho 0 tail 12 room 4
load:0x40080400,len:4
load:0x40080404,len:3904
entry 0x40080640
[0;32mI (31) boot: ESP-IDF v5.3.2-dirty 2nd stage bootloader[0m
[0;32mI (31) boot: compile time Jan 26 2025 10:13:14[0m
[0;32mI (31) boot: Multicore bootloader[0m
[0;32mI (36) boot: chip revision: v3.1[0m
[0;32mI (40) boot.esp32: SPI Speed      : 40MHz[0m
[0;32mI (44) boot.esp32: SPI Mode       : DIO[0m
[0;32mI (49) boot.esp32: SPI Flash Size : 2MB[0m
[0;32mI (53) boot: Enabling RNG early entropy source...[0m
[0;32mI (59) boot: Partition Table:[0m
[0;32mI (62) boot: ## Label            Usage          Type ST Offset   Length[0m
[0;32mI (70) boot:  0 nvs              WiFi data        01 02 00009000 00006000[0m
[0;32mI (77) boot:  1 phy_init         RF data          01 01 0000f000 00001000[0m
[0;32mI (85) boot:  2 factory          factory app      00 00 00010000 00100000[0m
[0;32mI (92) boot: End of partition table[0m
[0;32mI (96) esp_image: segment 0: paddr=00010020 vaddr=3f400020 size=0c198h ( 49560) map[0m
[0;32mI (122) esp_image: segment 1: paddr=0001c1c0 vaddr=3ffb0000 size=023fch (  9212) load[0m
[0;32mI (125) esp_image: segment 2: paddr=0001e5c4 vaddr=40080000 size=01a54h (  6740) load[0m
[0;32mI (130) esp_image: segment 3: paddr=00020020 vaddr=400d0020 size=19af4h (105204) map[0m
[0;32mI (172) esp_image: segment 4: paddr=00039b1c vaddr=40081a54 size=0c8b0h ( 51376) load[0m
[0;32mI (200) boot: Loaded app from partition at offset 0x10000[0m
[0;32mI (200) boot: Disabling RNG early entropy source...[0m
[0;32mI (212) cpu_start: Multicore app[0m
[0;32mI (220) cpu_start: Pro cpu start user code[0m
[0;32mI (220) cpu_start: cpu freq: 160000000 Hz[0m
[0;32mI (220) app_init: Application information:[0m
[0;32mI (223) app_init: Project name:     ADAS_MASTER_ESP[0m
[0;32mI (229) app_init: App version:      1[0m
[0;32mI (233) app_init: Compile time:     Jan 26 2025 10:10:18[0m
[0;32mI (239) app_init: ELF file SHA256:  be36f3e66...[0m
[0;32mI (244) app_init: ESP-IDF:          v5.3.2-dirty[0m
[0;32mI (250) efuse_init: Min chip rev:     v0.0[0m
[0;32mI (255) efuse_init: Max chip rev:     v3.99 [0m
[0;32mI (259) efuse_init: Chip rev:         v3.1[0m
[0;32mI (265) heap_init: Initializing. RAM available for dynamic allocation:[0m
[0;32mI (272) heap_init: At 3FFAE6E0 len 00001920 (6 KiB): DRAM[0m
[0;32mI (278) heap_init: At 3FFB2D90 len 0002D270 (180 KiB): DRAM[0m
[0;32mI (284) heap_init: At 3FFE0440 len 00003AE0 (14 KiB): D/IRAM[0m
[0;32mI (290) heap_init: At 3FFE4350 len 0001BCB0 (111 KiB): D/IRAM[0m
[0;32mI (297) heap_init: At 4008E304 len 00011CFC (71 KiB): IRAM[0m
[0;32mI (304) spi_flash: detected chip: generic[0m
[0;32mI (307) spi_flash: flash io: dio[0m
[0;33mW (311) spi_flash: Detected size(4096k) larger than the size in the binary image header(2048k). Using the size in the binary image header.[0m
[0;33mW (325) i2c: This driver is an old driver, please migrate your application code to adapt `driver/i2c_master.h`[0m
[0;33mW (335) ADC: legacy driver is deprecated, please migrate to `esp_adc/adc_oneshot.h`[0m
[0;32mI (344) main_task: Started on CPU0[0m
[0;32mI (354) main_task: Calling app_main()[0m
[0;32mI (354) MPU6050: MPU6050 initialized successfully[0m
[0;32mI (354) LEDC: LEDC initialized successfully[0m
[0;32mI (354) DIRECTION: MATCH: STRAIGHT (Pot: 19, MPU: 0)[0m
[0;32mI (464) DIRECTION: MATCH: STRAIGHT (Pot: -3, MPU: 0)[0m
[0;32mI (564) DIRECTION: MATCH: STRAIGHT (Pot: -1, MPU: 1)[0m
[0;32mI (664) DIRECTION: MATCH: STRAIGHT (Pot: -4, MPU: 0)[0m
[0;32mI (764) DIRECTION: MATCH: STRAIGHT (Pot: -3, MPU: 0)[0m
[0;32mI (864) DIRECTION: MATCH: STRAIGHT (Pot: -4, MPU: 0)[0m
[0;32mI (964) DIRECTION: MATCH: STRAIGHT (Pot: -4, MPU: 0)[0m
[0;32mI (1064) DIRECTION: MATCH: STRAIGHT (Pot: -5, MPU: 0)[0m
[0;32mI (1164) DIRECTION: MATCH: STRAIGHT (Pot: 1, MPU: 0)[0m
[0;32mI (1264) DIRECTION: MATCH: STRAIGHT (Pot: 0, MPU: 0)[0m
[0;32mI (1364) DIRECTION: MATCH: STRAIGHT (Pot: 4, MPU: 0)[0m
[0;32mI (1464) DIRECTION: MATCH: STRAIGHT (Pot: 1, MPU: 0)[0m
[0;32mI (1564) DIRECTION: MATCH: STRAIGHT (Pot: 3, MPU: 0)[0m
[0;32mI (1664) DIRECTION: MATCH: STRAIGHT (Pot: 2, MPU: 0)[0m
[0;32mI (1764) DIRECTION: MATCH: STRAIGHT (Pot: 3, MPU: 0)[0m
[0;32mI (1864) DIRECTION: MATCH: STRAIGHT (Pot: 4, MPU: 0)[0m
[0;32mI (1964) DIRECTION: MATCH: STRAIGHT (Pot: 4, MPU: 0)[0m
[0;32mI (2064) DIRECTION: MATCH: STRAIGHT (Pot: 3, MPU: 0)[0m
[0;32mI (2164) DIRECTION: MATCH: STRAIGHT (Pot: 4, MPU: 0)[0m
[0;32mI (2264) DIRECTION: MATCH: STRAIGHT (Pot: 4, MPU: 0)[0m
[0;32mI (2364) DIRECTION: MATCH: STRAIGHT (Pot: 2, MPU: 0)[0m
[0;32mI (2464) DIRECTION: MATCH: STRAIGHT (Pot: 2, MPU: 0)[0m
[0;32mI (2564) DIRECTION: MATCH: STRAIGHT (Pot: 3, MPU: 0)[0m
[0;32mI (2664) DIRECTION: MATCH: STRAIGHT (Pot: 4, MPU: 0)[0m
[0;32mI (2764) DIRECTION: MATCH: STRAIGHT (Pot: 4, MPU: 0)[0m
[0;32mI (2864) DIRECTION: MATCH: STRAIGHT (Pot: 1, MPU: 0)[0m
[0;32mI (2964) DIRECTION: MATCH: STRAIGHT (Pot: 2, MPU: 0)[0m
[0;32mI (3064) DIRECTION: MATCH: STRAIGHT (Pot: 2, MPU: 0)[0m
[0;32mI (3164) DIRECTION: MATCH: STRAIGHT (Pot: 2, MPU: 0)[0m
[0;32mI (3264) DIRECTION: MATCH: STRAIGHT (Pot: 0, MPU: 0)[0m
[0;32mI (3364) DIRECTION: MATCH: STRAIGHT (Pot: 1, MPU: 0)[0m
[0;32mI (3464) DIRECTION: MATCH: STRAIGHT (Pot: 2, MPU: 0)[0m
[0;32mI (3564) DIRECTION: MATCH: STRAIGHT (Pot: 3, MPU: 0)[0m
[0;32mI (3664) DIRECTION: MATCH: STRAIGHT (Pot: 3, MPU: 0)[0m
[0;32mI (3764) DIRECTION: MATCH: STRAIGHT (Pot: 4, MPU: 0)[0m
[0;32mI (3864) DIRECTION: MATCH: STRAIGHT (Pot: 4, MPU: 0)[0m
[0;32mI (3964) DIRECTION: MATCH: STRAIGHT (Pot: 5, MPU: 0)[0m
[0;32mI (4064) DIRECTION: MATCH: STRAIGHT (Pot: 5, MPU: 0)[0m
[0;32mI (4164) DIRECTION: MATCH: STRAIGHT (Pot: 7, MPU: 0)[0m
[0;32mI (4264) DIRECTION: MATCH: STRAIGHT (Pot: 7, MPU: 0)[0m
[0;32mI (4364) DIRECTION: MATCH: STRAIGHT (Pot: 8, MPU: 0)[0m
[0;32mI (4464) DIRECTION: MATCH: STRAIGHT (Pot: 12, MPU: 0)[0m
[0;32mI (4564) DIRECTION: MATCH: STRAIGHT (Pot: 17, MPU: 0)[0m
[0;32mI (4664) DIRECTION: MATCH: STRAIGHT (Pot: 39, MPU: 0)[0m
[0;32mI (4764) DIRECTION: MATCH: STRAIGHT (Pot: 15, MPU: 0)[0m
[0;32mI (4864) DIRECTION: MATCH: STRAIGHT (Pot: 30, MPU: 0)[0m
[0;33mW (4964) DIRECTION: MISMATCH: POT=RIGHT (68), MPU=STRAIGHT (0)[0m
[0;33mW (5064) DIRECTION: MISMATCH: POT=RIGHT (79), MPU=STRAIGHT (0)[0m
[0;33mW (5164) DIRECTION: MISMATCH: POT=RIGHT (83), MPU=STRAIGHT (0)[0m
[0;33mW (5264) DIRECTION: MISMATCH: POT=RIGHT (85), MPU=STRAIGHT (0)[0m
Guru Meditation Error: Core  0 panic'ed (IntegerDivideByZero). Exception was unhandled.

Core  0 register dump:
PC      : 0x4000d099  PS      : 0x00060630  A0      : 0x800da058  A1      : 0x3ffb3f30  
A2      : 0xc4b40000  A3      : 0x00000004  A4      : 0x00000000  A5      : 0x00000000  
A6      : 0x00000054  A7      : 0x00000000  A8      : 0x00000001  A9      : 0x00000004  
A10     : 0x00000000  A11     : 0xc4b40000  A12     : 0x3ffb3e14  A13     : 0x00000000  
A14     : 0x3ffb3df0  A15     : 0xff000000  SAR     : 0x00000016  EXCCAUSE: 0x00000006  
EXCVADDR: 0x00000000  LBEG    : 0x400014fd  LEND    : 0x4000150d  LCOUNT  : 0xfffffffe  


Backtrace: 0x4000d096:0x3ffb3f30 0x400da055:0x3ffb3f50 0x400daa0d:0x3ffb3f90 0x400d6b74:0x3ffb3fd0 0x400d6cce:0x3ffb3ff0 0x400d6f86:0x3ffb4010 0x400d6624:0x3ffb4060 0x400e9224:0x3ffb4080 0x40087361:0x3ffb40b0




ELF file SHA256: be36f3e66

Rebooting...
ets Jul 29 2019 12:21:46

rst:0xc (SW_CPU_RESET),boot:0x13 (SPI_FAST_FLASH_BOOT)
configsip: 0, SPIWP:0xee
clk_drv:0x00,q_drv:0x00,d_drv:0x00,cs0_drv:0x00,hd_drv:0x00,wp_drv:0x00
mode:DIO, clock div:2
load:0x3fff0030,len:7176
load:0x40078000,len:15564
ho 0 tail 12 room 4
load:0x40080400,len:4
load:0x40080404,len:3904
entry 0x40080640
[0;32mI (31) boot: ESP-IDF v5.3.2-dirty 2nd stage bootloader[0m
[0;32mI (31) boot: compile time Jan 26 2025 10:13:14[0m
[0;32mI (31) boot: Multicore bootloader[0m
[0;32mI (36) boot: chip revision: v3.1[0m
[0;32mI (40) boot.esp32: SPI Speed      : 40MHz[0m
[0;32mI (44) boot.esp32: SPI Mode       : DIO[0m
[0;32mI (49) boot.esp32: SPI Flash Size : 2MB[0m
[0;32mI (53) boot: Enabling RNG early entropy source...[0m
[0;32mI (59) boot: Partition Table:[0m
[0;32mI (62) boot: ## Label            Usage          Type ST Offset   Length[0m
[0;32mI (70) boot:  0 nvs              WiFi data        01 02 00009000 00006000[0m
[0;32mI (77) boot:  1 phy_init         RF data          01 01 0000f000 00001000[0m
[0;32mI (85) boot:  2 factory          factory app      00 00 00010000 00100000[0m
[0;32mI (92) boot: End of partition table[0m
[0;32mI (96) esp_image: segment 0: paddr=00010020 vaddr=3f400020 size=0c198h ( 49560) map[0m
[0;32mI (122) esp_image: segment 1: paddr=0001c1c0 vaddr=3ffb0000 size=023fch (  9212) load[0m
[0;32mI (125) esp_image: segment 2: paddr=0001e5c4 vaddr=40080000 size=01a54h (  6740) load[0m
[0;32mI (130) esp_image: segment 3: paddr=00020020 vaddr=400d0020 size=19af4h (105204) map[0m
[0;32mI (172) esp_image: segment 4: paddr=00039b1c vaddr=40081a54 size=0c8b0h ( 51376) load[0m
[0;32mI (200) boot: Loaded app from partition at offset 0x10000[0m
[0;32mI (200) boot: Disabling RNG early entropy source...[0m
[0;32mI (212) cpu_start: Multicore app[0m
[0;32mI (220) cpu_start: Pro cpu start user code[0m
[0;32mI (220) cpu_start: cpu freq: 160000000 Hz[0m
[0;32mI (220) app_init: Application information:[0m
[0;32mI (223) app_init: Project name:     ADAS_MASTER_ESP[0m
[0;32mI (229) app_init: App version:      1[0m
[0;32mI (233) app_init: Compile time:     Jan 26 2025 10:10:18[0m
[0;32mI (239) app_init: ELF file SHA256:  be36f3e66...[0m
[0;32mI (244) app_init: ESP-IDF:          v5.3.2-dirty[0m
[0;32mI (250) efuse_init: Min chip rev:     v0.0[0m
[0;32mI (255) efuse_init: Max chip rev:     v3.99 [0m
[0;32mI (259) efuse_init: Chip rev:         v3.1[0m
[0;32mI (265) heap_init: Initializing. RAM available for dynamic allocation:[0m
[0;32mI (272) heap_init: At 3FFAE6E0 len 00001920 (6 KiB): DRAM[0m
[0;32mI (278) heap_init: At 3FFB2D90 len 0002D270 (180 KiB): DRAM[0m
[0;32mI (284) heap_init: At 3FFE0440 len 00003AE0 (14 KiB): D/IRAM[0m
[0;32mI (290) heap_init: At 3FFE4350 len 0001BCB0 (111 KiB): D/IRAM[0m
[0;32mI (297) heap_init: At 4008E304 len 00011CFC (71 KiB): IRAM[0m
[0;32mI (304) spi_flash: detected chip: generic[0m
[0;32mI (307) spi_flash: flash io: dio[0m
[0;33mW (311) spi_flash: Detected size(4096k) larger than the size in the binary image header(2048k). Using the size in the binary image header.[0m
[0;33mW (325) i2c: This driver is an old driver, please migrate your application code to adapt `driver/i2c_master.h`[0m
[0;33mW (335) ADC: legacy driver is deprecated, please migrate to `esp_adc/adc_oneshot.h`[0m
[0;32mI (344) main_task: Started on CPU0[0m
[0;32mI (354) main_task: Calling app_main()[0m
[0;32mI (354) MPU6050: MPU6050 initialized successfully[0m
[0;32mI (354) LEDC: LEDC initialized successfully[0m
[0;33mW (354) DIRECTION: MISMATCH: POT=RIGHT (142), MPU=STRAIGHT (0)[0m
[0;33mW (464) DIRECTION: MISMATCH: POT=RIGHT (78), MPU=STRAIGHT (0)[0m
[0;33mW (564) DIRECTION: MISMATCH: POT=RIGHT (80), MPU=STRAIGHT (0)[0m
[0;33mW (664) DIRECTION: MISMATCH: POT=RIGHT (86), MPU=STRAIGHT (0)[0m
Guru Meditation Error: Core  0 panic'ed (IntegerDivideByZero). Exception was unhandled.

Core  0 register dump:
PC      : 0x4000d099  PS      : 0x00060630  A0      : 0x800da058  A1      : 0x3ffb3f30  
A2      : 0xc4b40000  A3      : 0x00000004  A4      : 0x00000000  A5      : 0x00000000  
A6      : 0x00000054  A7      : 0x00000000  A8      : 0x00000001  A9      : 0x00000004  
A10     : 0x00000000  A11     : 0xc4b40000  A12     : 0x3ffb3e14  A13     : 0x00000000  
A14     : 0x3ffb3df0  A15     : 0xff000000  SAR     : 0x00000016  EXCCAUSE: 0x00000006  
EXCVADDR: 0x00000000  LBEG    : 0x400014fd  LEND    : 0x4000150d  LCOUNT  : 0xfffffffe  


Backtrace: 0x4000d096:0x3ffb3f30 0x400da055:0x3ffb3f50 0x400daa0d:0x3ffb3f90 0x400d6b74:0x3ffb3fd0 0x400d6cce:0x3ffb3ff0 0x400d6f86:0x3ffb4010 0x400d6624:0x3ffb4060 0x400e9224:0x3ffb4080 0x40087361:0x3ffb40b0




ELF file SHA256: be36f3e66

Rebooting...
ets Jul 29 2019 12:21:46

rst:0xc (SW_CPU_RESET),boot:0x13 (SPI_FAST_FLASH_BOOT)
configsip: 0, SPIWP:0xee
clk_drv:0x00,q_drv:0x00,d_drv:0x00,cs0_drv:0x00,hd_drv:0x00,wp_drv:0x00
mode:DIO, clock div:2
load:0x3fff0030,len:7176
load:0x40078000,len:15564
ho 0 tail 12 room 4
load:0x40080400,len:4
load:0x40080404,len:3904
entry 0x40080640
[0;32mI (31) boot: ESP-IDF v5.3.2-dirty 2nd stage bootloader[0m
[0;32mI (31) boot: compile time Jan 26 2025 10:13:14[0m
[0;32mI (31) boot: Multicore bootloader[0m
[0;32mI (36) boot: chip revision: v3.1[0m
[0;32mI (40) boot.esp32: SPI Speed      : 40MHz[0m
[0;32mI (44) boot.esp32: SPI Mode       : DIO[0m
[0;32mI (49) boot.esp32: SPI Flash Size : 2MB[0m
[0;32mI (53) boot: Enabling RNG early entropy source...[0m
[0;32mI (59) boot: Partition Table:[0m
[0;32mI (62) boot: ## Label            Usage          Type ST Offset   Length[0m
[0;32mI (70) boot:  0 nvs              WiFi data        01 02 00009000 00006000[0m
[0;32mI (77) boot:  1 phy_init         RF data          01 01 0000f000 00001000[0m
[0;32mI (85) boot:  2 factory          factory app      00 00 00010000 00100000[0m
[0;32mI (92) boot: End of partition table[0m
[0;32mI (96) esp_image: segment 0: paddr=00010020 vaddr=3f400020 size=0c198h ( 49560) map[0m
[0;32mI (122) esp_image: segment 1: paddr=0001c1c0 vaddr=3ffb0000 size=023fch (  9212) load[0m
[0;32mI (125) esp_image: segment 2: paddr=0001e5c4 vaddr=40080000 size=01a54h (  6740) load[0m
[0;32mI (130) esp_image: segment 3: paddr=00020020 vaddr=400d0020 size=19af4h (105204) map[0m
[0;32mI (172) esp_image: segment 4: paddr=00039b1c vaddr=40081a54 size=0c8b0h ( 51376) load[0m
[0;32mI (200) boot: Loaded app from partition at offset 0x10000[0m
[0;32mI (200) boot: Disabling RNG early entropy source...[0m
[0;32mI (212) cpu_start: Multicore app[0m
[0;32mI (220) cpu_start: Pro cpu start user code[0m
[0;32mI (220) cpu_start: cpu freq: 160000000 Hz[0m
[0;32mI (220) app_init: Application information:[0m
[0;32mI (223) app_init: Project name:     ADAS_MASTER_ESP[0m
[0;32mI (229) app_init: App version:      1[0m
[0;32mI (233) app_init: Compile time:     Jan 26 2025 10:10:18[0m
[0;32mI (239) app_init: ELF file SHA256:  be36f3e66...[0m
[0;32mI (244) app_init: ESP-IDF:          v5.3.2-dirty[0m
[0;32mI (250) efuse_init: Min chip rev:     v0.0[0m
[0;32mI (255) efuse_init: Max chip rev:     v3.99 [0m
[0;32mI (259) efuse_init: Chip rev:         v3.1[0m
[0;32mI (265) heap_init: Initializing. RAM available for dynamic allocation:[0m
[0;32mI (272) heap_init: At 3FFAE6E0 len 00001920 (6 KiB): DRAM[0m
[0;32mI (278) heap_init: At 3FFB2D90 len 0002D270 (180 KiB): DRAM[0m
[0;32mI (284) heap_init: At 3FFE0440 len 00003AE0 (14 KiB): D/IRAM[0m
[0;32mI (290) heap_init: At 3FFE4350 len 0001BCB0 (111 KiB): D/IRAM[0m
[0;32mI (297) heap_init: At 4008E304 len 00011CFC (71 KiB): IRAM[0m
[0;32mI (304) spi_flash: detected chip: generic[0m
[0;32mI (307) spi_flash: flash io: dio[0m
[0;33mW (311) spi_flash: Detected size(4096k) larger than the size in the binary image header(2048k). Using the size in the binary image header.[0m
[0;33mW (325) i2c: This driver is an old driver, please migrate your application code to adapt `driver/i2c_master.h`[0m
[0;33mW (335) ADC: legacy driver is deprecated, please migrate to `esp_adc/adc_oneshot.h`[0m
[0;32mI (344) main_task: Started on CPU0[0m
[0;32mI (354) main_task: Calling app_main()[0m
[0;32mI (354) MPU6050: MPU6050 initialized successfully[0m
[0;32mI (354) LEDC: LEDC initialized successfully[0m
[0;33mW (354) DIRECTION: MISMATCH: POT=RIGHT (125), MPU=STRAIGHT (0)[0m
[0;32mI (464) DIRECTION: MATCH: STRAIGHT (Pot: 56, MPU: 0)[0m
[0;32mI (564) DIRECTION: MATCH: STRAIGHT (Pot: 50, MPU: 0)[0m
[0;32mI (664) DIRECTION: MATCH: STRAIGHT (Pot: 42, MPU: 0)[0m
[0;32mI (764) DIRECTION: MATCH: STRAIGHT (Pot: 32, MPU: 0)[0m
[0;32mI (864) DIRECTION: MATCH: STRAIGHT (Pot: 24, MPU: 0)[0m
[0;32mI (964) DIRECTION: MATCH: STRAIGHT (Pot: 17, MPU: 0)[0m
[0;32mI (1064) DIRECTION: MATCH: STRAIGHT (Pot: 15, MPU: 0)[0m
[0;32mI (1164) DIRECTION: MATCH: STRAIGHT (Pot: 10, MPU: 0)[0m
[0;32mI (1264) DIRECTION: MATCH: STRAIGHT (Pot: 3, MPU: 0)[0m
[0;32mI (1364) DIRECTION: MATCH: STRAIGHT (Pot: 16, MPU: 0)[0m
[0;32mI (1464) DIRECTION: MATCH: STRAIGHT (Pot: -1, MPU: 0)[0m
[0;32mI (1564) DIRECTION: MATCH: STRAIGHT (Pot: -3, MPU: 0)[0m
[0;32mI (1664) DIRECTION: MATCH: STRAIGHT (Pot: 7, MPU: 1)[0m
[0;32mI (1764) DIRECTION: MATCH: STRAIGHT (Pot: 29, MPU: 0)[0m
[0;32mI (1864) DIRECTION: MATCH: STRAIGHT (Pot: 20, MPU: 0)[0m
[0;32mI (1964) DIRECTION: MATCH: STRAIGHT (Pot: 17, MPU: 0)[0m
[0;32mI (2064) DIRECTION: MATCH: STRAIGHT (Pot: 14, MPU: 0)[0m
[0;32mI (2164) DIRECTION: MATCH: STRAIGHT (Pot: -28, MPU: 0)[0m
[0;32mI (2264) DIRECTION: MATCH: STRAIGHT (Pot: -33, MPU: 0)[0m
[0;32mI (2364) DIRECTION: MATCH: STRAIGHT (Pot: -32, MPU: 0)[0m
[0;32mI (2464) DIRECTION: MATCH: STRAIGHT (Pot: -32, MPU: 0)[0m
[0;32mI (2564) DIRECTION: MATCH: STRAIGHT (Pot: -32, MPU: 0)[0m
[0;32mI (2664) DIRECTION: MATCH: STRAIGHT (Pot: -32, MPU: 0)[0m
[0;32mI (2764) DIRECTION: MATCH: STRAIGHT (Pot: -33, MPU: 0)[0m
[0;32mI (2864) DIRECTION: MATCH: STRAIGHT (Pot: -32, MPU: 0)[0m
[0;32mI (2964) DIRECTION: MATCH: STRAIGHT (Pot: -32, MPU: 0)[0m
[0;32mI (3064) DIRECTION: MATCH: STRAIGHT (Pot: -33, MPU: 0)[0m
[0;32mI (3164) DIRECTION: MATCH: STRAIGHT (Pot: -34, MPU: 0)[0m
[0;32mI (3264) DIRECTION: MATCH: STRAIGHT (Pot: -32, MPU: 0)[0m
[0;32mI (3364) DIRECTION: MATCH: STRAIGHT (Pot: -32, MPU: 0)[0m
[0;32mI (3464) DIRECTION: MATCH: STRAIGHT (Pot: -33, MPU: 0)[0m
[0;32mI (3564) DIRECTION: MATCH: STRAIGHT (Pot: -34, MPU: 0)[0m
[0;32mI (3664) DIRECTION: MATCH: STRAIGHT (Pot: -33, MPU: 0)[0m
[0;32mI (3764) DIRECTION: MATCH: STRAIGHT (Pot: -34, MPU: 0)[0m
[0;32mI (3864) DIRECTION: MATCH: STRAIGHT (Pot: -38, MPU: 0)[0m
[0;32mI (3964) DIRECTION: MATCH: STRAIGHT (Pot: -39, MPU: 0)[0m
[0;32mI (4064) DIRECTION: MATCH: STRAIGHT (Pot: -42, MPU: 0)[0m
[0;32mI (4164) DIRECTION: MATCH: STRAIGHT (Pot: -42, MPU: 0)[0m
[0;32mI (4264) DIRECTION: MATCH: STRAIGHT (Pot: -45, MPU: 0)[0m
[0;32mI (4364) DIRECTION: MATCH: STRAIGHT (Pot: -47, MPU: 0)[0m
[0;32mI (4464) DIRECTION: MATCH: STRAIGHT (Pot: -51, MPU: 0)[0m
[0;32mI (4564) DIRECTION: MATCH: STRAIGHT (Pot: -54, MPU: 0)[0m
[0;32mI (4664) DIRECTION: MATCH: STRAIGHT (Pot: -54, MPU: 0)[0m
[0;32mI (4764) DIRECTION: MATCH: STRAIGHT (Pot: -53, MPU: 0)[0m
[0;32mI (4864) DIRECTION: MATCH: STRAIGHT (Pot: -51, MPU: 0)[0m
[0;32mI (4964) DIRECTION: MATCH: STRAIGHT (Pot: -52, MPU: 0)[0m
[0;32mI (5064) DIRECTION: MATCH: STRAIGHT (Pot: -53, MPU: 0)[0m
[0;32mI (5164) DIRECTION: MATCH: STRAIGHT (Pot: -53, MPU: 0)[0m
[0;32mI (5264) DIRECTION: MATCH: STRAIGHT (Pot: -53, MPU: 0)[0m
[0;32mI (5364) DIRECTION: MATCH: STRAIGHT (Pot: -52, MPU: 0)[0m
[0;32mI (5464) DIRECTION: MATCH: STRAIGHT (Pot: -53, MPU: 0)[0m
[0;32mI (5564) DIRECTION: MATCH: STRAIGHT (Pot: -53, MPU: 0)[0m
[0;32mI (5664) DIRECTION: MATCH: STRAIGHT (Pot: -52, MPU: 0)[0m
[0;32mI (5764) DIRECTION: MATCH: STRAIGHT (Pot: -52, MPU: 0)[0m
[0;32mI (5864) DIRECTION: MATCH: STRAIGHT (Pot: -52, MPU: 0)[0m
[0;32mI (5964) DIRECTION: MATCH: STRAIGHT (Pot: -53, MPU: 0)[0m
[0;32mI (6064) DIRECTION: MATCH: STRAIGHT (Pot: -53, MPU: 0)[0m
[0;32mI (6164) DIRECTION: MATCH: STRAIGHT (Pot: -52, MPU: 0)[0m
[0;32mI (6264) DIRECTION: MATCH: STRAIGHT (Pot: -53, MPU: 0)[0m
[0;32mI (6364) DIRECTION: MATCH: STRAIGHT (Pot: -53, MPU: 0)[0m
[0;32mI (6464) DIRECTION: MATCH: STRAIGHT (Pot: -52, MPU: 0)[0m
[0;32mI (6564) DIRECTION: MATCH: STRAIGHT (Pot: -54, MPU: 0)[0m
[0;32mI (6664) DIRECTION: MATCH: STRAIGHT (Pot: -52, MPU: 0)[0m
[0;32mI (6764) DIRECTION: MATCH: STRAIGHT (Pot: -53, MPU: 0)[0m
[0;32mI (6864) DIRECTION: MATCH: STRAIGHT (Pot: -53, MPU: 0)[0m
[0;32mI (6964) DIRECTION: MATCH: STRAIGHT (Pot: -54, MPU: 0)[0m
